Archive member included because of file (symbol)

C:/Users/User/Documents/SDK11.16.8.PatchC/SDKTPLUS/HW_T2/gnu_434/lib/eft30tplus.lib(Beep.o)
                              Obj/GNU_ARM_DEBUG_T2/Sale.o (Beep)
C:/Users/User/Documents/SDK11.16.8.PatchC/SDKTPLUS/HW_T2/gnu_434/lib/eft30tplus.lib(extenstp1.o)
                              C:/Users/User/Documents/SDK11.16.8.PatchC/SDKTPLUS/HW_T2/gnu_434/lib/eft30tplus.lib(Beep.o) (extenslib_open)
C:/Users/User/Documents/SDK11.16.8.PatchC/SDKTPLUS/HW_T2/gnu_434/lib/eft30tplus.lib(DisplayFooter.o)
                              Obj/GNU_ARM_DEBUG_T2/MenuInterface.o (DisplayFooter)
C:/Users/User/Documents/SDK11.16.8.PatchC/SDKTPLUS/HW_T2/gnu_434/lib/eft30tplus.lib(DisplayHeader.o)
                              Obj/GNU_ARM_DEBUG_T2/MenuInterface.o (DisplayHeader)
C:/Users/User/Documents/SDK11.16.8.PatchC/SDKTPLUS/HW_T2/gnu_434/lib/eft30tplus.lib(DisplayLeds.o)
                              Obj/GNU_ARM_DEBUG_T2/MenuInterface.o (DisplayLeds)
C:/Users/User/Documents/SDK11.16.8.PatchC/SDKTPLUS/HW_T2/gnu_434/lib/eft30tplus.lib(Telium_Read_date.o)
                              Obj/GNU_ARM_DEBUG_T2/Entry.o (Telium_Read_date)
C:/Users/User/Documents/SDK11.16.8.PatchC/SDKTPLUS/HW_T2/gnu_434/lib/eft30tplus.lib(Telium_ServiceRegister.o)
                              Obj/GNU_ARM_DEBUG_T2/Entry.o (Telium_ServiceRegister)
C:/Users/User/Documents/SDK11.16.8.PatchC/SDKTPLUS/HW_T2/gnu_434/lib/eft30tplus.lib(Telium_Atoi.o)
                              Obj/GNU_ARM_DEBUG_T2/DateScreen.o (atoi)
C:/Users/User/Documents/SDK11.16.8.PatchC/SDKTPLUS/HW_T2/gnu_434/lib/eft30tplus.lib(Telium_Pprintf.o)
                              Obj/GNU_ARM_DEBUG_T2/Entry.o (Telium_Pprintf)
C:/Users/User/Documents/SDK11.16.8.PatchC/SDKTPLUS/HW_T2/gnu_434/lib/eft30tplus.lib(Telium_Stdprt.o)
                              C:/Users/User/Documents/SDK11.16.8.PatchC/SDKTPLUS/HW_T2/gnu_434/lib/eft30tplus.lib(Telium_Pprintf.o) (Telium_Stdprt)
C:/Users/User/Documents/SDK11.16.8.PatchC/SDKTPLUS/HW_T2/gnu_434/lib/eft30tplus.lib(sprintf.o)
                              Obj/GNU_ARM_DEBUG_T2/Entry.o (sprintf)
C:/Users/User/Documents/SDK11.16.8.PatchC/SDKTPLUS/HW_T2/gnu_434/lib/eft30tplus.lib(toolstp1.o)
                              C:/Users/User/Documents/SDK11.16.8.PatchC/SDKTPLUS/HW_T2/gnu_434/lib/eft30tplus.lib(Telium_Read_date.o) (toolslib_open)
C:/Users/User/Documents/SDK11.16.8.PatchC/SDKTPLUS/HW_T2/gnu_434/lib/TRAP_TELIUM_PLUS.LIB(ApplicationGetCurrent.o)
                              Obj/GNU_ARM_DEBUG_T2/Main.o (ApplicationGetCurrent)
C:/Users/User/Documents/SDK11.16.8.PatchC/SDKTPLUS/HW_T2/gnu_434/lib/TRAP_TELIUM_PLUS.LIB(FS_close.o)
                              Obj/GNU_ARM_DEBUG_T2/Entry.o (FS_close)
C:/Users/User/Documents/SDK11.16.8.PatchC/SDKTPLUS/HW_T2/gnu_434/lib/TRAP_TELIUM_PLUS.LIB(FS_length.o)
                              Obj/GNU_ARM_DEBUG_T2/Entry.o (FS_length)
C:/Users/User/Documents/SDK11.16.8.PatchC/SDKTPLUS/HW_T2/gnu_434/lib/TRAP_TELIUM_PLUS.LIB(FS_mount.o)
                              Obj/GNU_ARM_DEBUG_T2/Entry.o (FS_mount)
C:/Users/User/Documents/SDK11.16.8.PatchC/SDKTPLUS/HW_T2/gnu_434/lib/TRAP_TELIUM_PLUS.LIB(FS_open.o)
                              Obj/GNU_ARM_DEBUG_T2/Entry.o (FS_open)
C:/Users/User/Documents/SDK11.16.8.PatchC/SDKTPLUS/HW_T2/gnu_434/lib/TRAP_TELIUM_PLUS.LIB(FS_read.o)
                              Obj/GNU_ARM_DEBUG_T2/Entry.o (FS_read)
C:/Users/User/Documents/SDK11.16.8.PatchC/SDKTPLUS/HW_T2/gnu_434/lib/TRAP_TELIUM_PLUS.LIB(FS_unmount.o)
                              Obj/GNU_ARM_DEBUG_T2/Entry.o (FS_unmount)
C:/Users/User/Documents/SDK11.16.8.PatchC/SDKTPLUS/HW_T2/gnu_434/lib/TRAP_TELIUM_PLUS.LIB(ObjectGetInfo.o)
                              Obj/GNU_ARM_DEBUG_T2/Entry.o (ObjectGetInfo)
C:/Users/User/Documents/SDK11.16.8.PatchC/SDKTPLUS/HW_T2/gnu_434/lib/TRAP_TELIUM_PLUS.LIB(Telium_Fclose.o)
                              Obj/GNU_ARM_DEBUG_T2/Entry.o (Telium_Fclose)
C:/Users/User/Documents/SDK11.16.8.PatchC/SDKTPLUS/HW_T2/gnu_434/lib/TRAP_TELIUM_PLUS.LIB(Telium_Fopen.o)
                              Obj/GNU_ARM_DEBUG_T2/Entry.o (Telium_Fopen)
C:/Users/User/Documents/SDK11.16.8.PatchC/SDKTPLUS/HW_T2/gnu_434/lib/TRAP_TELIUM_PLUS.LIB(Telium_Stdperif.o)
                              C:/Users/User/Documents/SDK11.16.8.PatchC/SDKTPLUS/HW_T2/gnu_434/lib/eft30tplus.lib(Telium_Stdprt.o) (Telium_Stdperif)
C:/Users/User/Documents/SDK11.16.8.PatchC/SDKTPLUS/HW_T2/gnu_434/lib/TRAP_TELIUM_PLUS.LIB(Telium_Ttestall.o)
                              Obj/GNU_ARM_DEBUG_T2/Entry.o (Telium_Ttestall)
C:/Users/User/Documents/SDK11.16.8.PatchC/SDKTPLUS/HW_T2/gnu_434/lib/TRAP_TELIUM_PLUS.LIB(Telium_Vfprintf.o)
                              C:/Users/User/Documents/SDK11.16.8.PatchC/SDKTPLUS/HW_T2/gnu_434/lib/eft30tplus.lib(Telium_Pprintf.o) (Telium_Vfprintf)
C:/Users/User/Documents/SDK11.16.8.PatchC/SDKTPLUS/HW_T2/gnu_434/lib/TRAP_TELIUM_PLUS.LIB(Telium_Vsprintf.o)
[...]
Memory Configuration

Name             Origin             Length             Attributes
*default*        0x00000000         0xffffffff

Linker script and memory map

                0x00001000                . = 0x1000
                0x00001000                __text_start = .

.text           0x00001000     0x87e8
 *(.first)
 .first         0x00001000       0x8c C:/Users/User/Documents/SDK11.16.8.PatchC/SDKTPLUS/HW_T2/gnu_434/startfiles/cstartupTplus.o
                0x00001000                _start
 *(.text .text.*)
 .text          0x0000108c      0x104 C:/Users/User/Documents/SDK11.16.8.PatchC/SDKTPLUS/HW_T2/gnu_434/startfiles/cstartupTplus.o
                0x0000113c                __stack_chk_fail
 .text          0x00001190       0xc0 C:/Users/User/Documents/SDK11.16.8.PatchC/SDKTPLUS/HW_T2/gnu_434/startfiles/libcpatch.o
                0x00001190                _calloc_r
                0x000011e0                _free_r
                0x000011fc                _malloc_r
                0x00001224                _realloc_r
 .text          0x00001250      0x2a8 Obj/GNU_ARM_DEBUG_T2/Main.o
                0x00001250                Main
 .text          0x000014f8      0xfec Obj/GNU_ARM_DEBUG_T2/Entry.o
                0x000014f8                give_your_domain
                0x0000155c                after_reset
                0x000015b8                is_name
                0x00001654                is_state
                0x000016ac                idle_message
                0x00001778                more_function
                0x000017ac                keyboard_event
                0x00001818                state
                0x000018fc                consult
                0x000019b0                mcall
                0x00001a64                is_time_function
                0x00001abc                time_function
                0x00001b30                is_change_init
                0x00001bc0                modif_param
                0x00001c50                is_evol_pg
                0x00001ca8                is_delete
                0x00001ce0                file_received
                0x00001e60                message_received
                0x00001f18                is_card_specific
                0x00001f70                card_inside
                0x00001fc4                is_for_you_after
                0x00002164                debit_non_emv
                0x000022bc                give_your_specific_context
                0x000023dc                give_interface
                0x00002440                entry
 .text          0x000024e4       0xb8 Obj/GNU_ARM_DEBUG_T2/Menu.o
                0x000024e4                menuGoalDisplay
 .text          0x0000259c      0x38c Obj/GNU_ARM_DEBUG_T2/DateScreen.o
                0x0000259c                dateScreenUseGoalResource
 .text          0x00002928       0xd4 Obj/GNU_ARM_DEBUG_T2/Utils.o
                0x00002928                utilsCheckDate
 .text          0x000029fc      0x12c Obj/GNU_ARM_DEBUG_T2/MenuInterface.o
                0x000029fc                initUIContext
                0x00002aa4                releaseUIContext
 .text          0x00002b28      0x364 Obj/GNU_ARM_DEBUG_T2/Sale.o
                0x00002b28                saleMenuDisplay
                0x00002cf0                saleMenuPassword
 .text          0x00002e8c      0x3a8 Obj/GNU_ARM_DEBUG_T2/BillManagement.o
                0x00002e8c                billMenuDisplay
                0x00003050                billingAmount
 .text          0x00003234      0x2cc Obj/GNU_ARM_DEBUG_T2/CashBack.o
                0x00003234                cashBackMenuDisplay
                0x000033b8                cashBackAmt
 .text          0x00003500        0x0 Obj/GNU_ARM_DEBUG_T2/CardStripe.o
 .text          0x00003500        0x0 Obj/GNU_ARM_DEBUG_T2/PrinterFormat.o
 .text          0x00003500       0x54 C:/Users/User/Documents/SDK11.16.8.PatchC/SDKTPLUS/HW_T2/gnu_434/lib/eft30tplus.lib(Beep.o)
                0x00003508                Beep
 .text          0x00003554       0x74 C:/Users/User/Documents/SDK11.16.8.PatchC/SDKTPLUS/HW_T2/gnu_434/lib/eft30tplus.lib(extenstp1.o)
                0x00003554                extenslib_close
                0x00003568                extenslib_open
                0x000035a4                GetProcAddressExtens
 .text          0x000035c8       0x5c C:/Users/User/Documents/SDK11.16.8.PatchC/SDKTPLUS/HW_T2/gnu_434/lib/eft30tplus.lib(DisplayFooter.o)
                0x000035d8                DisplayFooter
 .text          0x00003624       0x5c C:/Users/User/Documents/SDK11.16.8.PatchC/SDKTPLUS/HW_T2/gnu_434/lib/eft30tplus.lib(DisplayHeader.o)
                0x00003634                DisplayHeader
 .text          0x00003680       0x58 C:/Users/User/Documents/SDK11.16.8.PatchC/SDKTPLUS/HW_T2/gnu_434/lib/eft30tplus.lib(DisplayLeds.o)
                0x0000368c                DisplayLeds
 .text          0x000036d8       0x60 C:/Users/User/Documents/SDK11.16.8.PatchC/SDKTPLUS/HW_T2/gnu_434/lib/eft30tplus.lib(Telium_Read_date.o)
                0x000036ec                Telium_Read_date
 .text          0x00003738       0x64 C:/Users/User/Documents/SDK11.16.8.PatchC/SDKTPLUS/HW_T2/gnu_434/lib/eft30tplus.lib(Telium_ServiceRegister.o)
                0x00003750                Telium_ServiceRegister
 .text          0x0000379c       0x50 C:/Users/User/Documents/SDK11.16.8.PatchC/SDKTPLUS/HW_T2/gnu_434/lib/eft30tplus.lib(Telium_Atoi.o)
                0x0000379c                atol
                0x000037e0                atoi
 .text          0x000037ec       0x34 C:/Users/User/Documents/SDK11.16.8.PatchC/SDKTPLUS/HW_T2/gnu_434/lib/eft30tplus.lib(Telium_Pprintf.o)
                0x000037ec                Telium_Pprintf
 .text          0x00003820       0x20 C:/Users/User/Documents/SDK11.16.8.PatchC/SDKTPLUS/HW_T2/gnu_434/lib/eft30tplus.lib(Telium_Stdprt.o)
                0x00003828                Telium_Stdprt
 .text          0x00003840       0x20 C:/Users/User/Documents/SDK11.16.8.PatchC/SDKTPLUS/HW_T2/gnu_434/lib/eft30tplus.lib(sprintf.o)
                0x00003840                sprintf
 .text          0x00003860       0x78 C:/Users/User/Documents/SDK11.16.8.PatchC/SDKTPLUS/HW_T2/gnu_434/lib/eft30tplus.lib(toolstp1.o)
                0x00003860                toolslib_close
                0x00003874                toolslib_open
                0x000038b4                GetProcAddressTools
 .text          0x000038d8        0xe C:/Users/User/Documents/SDK11.16.8.PatchC/SDKTPLUS/HW_T2/gnu_434/lib/TRAP_TELIUM_PLUS.LIB(ApplicationGetCurrent.o)
                0x000038d8                ApplicationGetCurrent
 .text          0x000038e6        0xe C:/Users/User/Documents/SDK11.16.8.PatchC/SDKTPLUS/HW_T2/gnu_434/lib/TRAP_TELIUM_PLUS.LIB(FS_close.o)
                0x000038e6                FS_close
 .text          0x000038f4        0xe C:/Users/User/Documents/SDK11.16.8.PatchC/SDKTPLUS/HW_T2/gnu_434/lib/TRAP_TELIUM_PLUS.LIB(FS_length.o)
                0x000038f4                FS_length
 .text          0x00003902        0xe C:/Users/User/Documents/SDK11.16.8.PatchC/SDKTPLUS/HW_T2/gnu_434/lib/TRAP_TELIUM_PLUS.LIB(FS_mount.o)
                0x00003902                FS_mount
 .text          0x00003910        0xe C:/Users/User/Documents/SDK11.16.8.PatchC/SDKTPLUS/HW_T2/gnu_434/lib/TRAP_TELIUM_PLUS.LIB(FS_open.o)
                0x00003910                FS_open
 .text          0x0000391e        0xe C:/Users/User/Documents/SDK11.16.8.PatchC/SDKTPLUS/HW_T2/gnu_434/lib/TRAP_TELIUM_PLUS.LIB(FS_read.o)
                0x0000391e                FS_read
 .text          0x0000392c        0xe C:/Users/User/Documents/SDK11.16.8.PatchC/SDKTPLUS/HW_T2/gnu_434/lib/TRAP_TELIUM_PLUS.LIB(FS_unmount.o)
                0x0000392c                FS_unmount
 .text          0x0000393a        0xe C:/Users/User/Documents/SDK11.16.8.PatchC/SDKTPLUS/HW_T2/gnu_434/lib/TRAP_TELIUM_PLUS.LIB(ObjectGetInfo.o)
                0x0000393a                ObjectGetInfo
 .text          0x00003948        0xe C:/Users/User/Documents/SDK11.16.8.PatchC/SDKTPLUS/HW_T2/gnu_434/lib/TRAP_TELIUM_PLUS.LIB(Telium_Fclose.o)
                0x00003948                Telium_Fclose
 .text          0x00003956        0xe C:/Users/User/Documents/SDK11.16.8.PatchC/SDKTPLUS/HW_T2/gnu_434/lib/TRAP_TELIUM_PLUS.LIB(Telium_Fopen.o)
                0x00003956                Telium_Fopen
 .text          0x00003964        0xe C:/Users/User/Documents/SDK11.16.8.PatchC/SDKTPLUS/HW_T2/gnu_434/lib/TRAP_TELIUM_PLUS.LIB(Telium_Stdperif.o)
                0x00003964                Telium_Stdperif
 .text          0x00003972        0xe C:/Users/User/Documents/SDK11.16.8.PatchC/SDKTPLUS/HW_T2/gnu_434/lib/TRAP_TELIUM_PLUS.LIB(Telium_Ttestall.o)
                0x00003972                Telium_Ttestall
 .text          0x00003980        0xe C:/Users/User/Documents/SDK11.16.8.PatchC/SDKTPLUS/HW_T2/gnu_434/lib/TRAP_TELIUM_PLUS.LIB(Telium_Vfprintf.o)
                0x00003980                Telium_Vfprintf
 .text          0x0000398e        0xe C:/Users/User/Documents/SDK11.16.8.PatchC/SDKTPLUS/HW_T2/gnu_434/lib/TRAP_TELIUM_PLUS.LIB(Telium_Vsprintf.o)
                0x0000398e                Telium_Vsprintf
 .text          0x0000399c        0xe C:/Users/User/Documents/SDK11.16.8.PatchC/SDKTPLUS/HW_T2/gnu_434/lib/TRAP_TELIUM_PLUS.LIB(first_init.o)
                0x0000399c                first_init
 .text          0x000039aa        0xe C:/Users/User/Documents/SDK11.16.8.PatchC/SDKTPLUS/HW_T2/gnu_434/lib/TRAP_TELIUM_PLUS.LIB(raz_init.o)
                0x000039aa                raz_init
 .text          0x000039b8        0xe C:/Users/User/Documents/SDK11.16.8.PatchC/SDKTPLUS/HW_T2/gnu_434/lib/TRAP_TELIUM_PLUS.LIB(ufree.o)
                0x000039b8                ufree
 .text          0x000039c6        0xe C:/Users/User/Documents/SDK11.16.8.PatchC/SDKTPLUS/HW_T2/gnu_434/lib/TRAP_TELIUM_PLUS.LIB(umalloc.o)
                0x000039c6                umalloc
 .text          0x000039d4        0xe C:/Users/User/Documents/SDK11.16.8.PatchC/SDKTPLUS/HW_T2/gnu_434/lib/TRAP_TELIUM_PLUS.LIB(urealloc.o)
                0x000039d4                urealloc
 .text          0x000039e2        0xc C:/Users/User/Documents/SDK11.16.8.PatchC/SDKTPLUS/HW_T2/gnu_434/lib/OSLAYER.LIB(OSL_Dll_Close.o)
                0x000039e2                OSL_Dll_Close
 .text          0x000039ee        0xc C:/Users/User/Documents/SDK11.16.8.PatchC/SDKTPLUS/HW_T2/gnu_434/lib/OSLAYER.LIB(OSL_Dll_GetSymbolByName.o)
                0x000039ee                OSL_Dll_GetSymbolByName
 .text          0x000039fa        0xc C:/Users/User/Documents/SDK11.16.8.PatchC/SDKTPLUS/HW_T2/gnu_434/lib/OSLAYER.LIB(OSL_Dll_OpenByAppliType.o)
                0x000039fa                OSL_Dll_OpenByAppliType
 *fill*         0x00003a06        0x2 00
 .text          0x00003a08       0x24 C:/Users/User/Documents/SDK11.16.8.PatchC/SDKTPLUS/HW_T2/gnu_434/lib/GRAPHICLIB.LIB(GL_Dialog_Amount.o)
                0x00003a14                GL_Dialog_Amount
 .text          0x00003a2c       0x24 C:/Users/User/Documents/SDK11.16.8.PatchC/SDKTPLUS/HW_T2/gnu_434/lib/GRAPHICLIB.LIB(GL_Dialog_Menu.o)
                0x00003a38                GL_Dialog_Menu
 .text          0x00003a50       0x24 C:/Users/User/Documents/SDK11.16.8.PatchC/SDKTPLUS/HW_T2/gnu_434/lib/GRAPHICLIB.LIB(GL_Dialog_Message.o)
                0x00003a5c                GL_Dialog_Message
 .text          0x00003a74       0x24 C:/Users/User/Documents/SDK11.16.8.PatchC/SDKTPLUS/HW_T2/gnu_434/lib/GRAPHICLIB.LIB(GL_Dialog_Password.o)
                0x00003a80                GL_Dialog_Password
 .text          0x00003a98       0x24 C:/Users/User/Documents/SDK11.16.8.PatchC/SDKTPLUS/HW_T2/gnu_434/lib/GRAPHICLIB.LIB(GL_Dialog_Text.o)
                0x00003aa4                GL_Dialog_Text
 .text          0x00003abc       0xbc C:/Users/User/Documents/SDK11.16.8.PatchC/SDKTPLUS/HW_T2/gnu_434/lib/GRAPHICLIB.LIB(GL_GraphicLib_Create.o)
                0x00003abc                GL_GraphicLib_Create
                0x00003b38                GL_GraphicLib_Create_Init
 .text          0x00003b78       0x24 C:/Users/User/Documents/SDK11.16.8.PatchC/SDKTPLUS/HW_T2/gnu_434/lib/GRAPHICLIB.LIB(GL_GraphicLib_ReadResource.o)
                0x00003b84                GL_GraphicLib_ReadResource
 .text          0x00003b9c       0x24 C:/Users/User/Documents/SDK11.16.8.PatchC/SDKTPLUS/HW_T2/gnu_434/lib/GRAPHICLIB.LIB(GL_Label_Create.o)
                0x00003ba8                GL_Label_Create
 .text          0x00003bc0       0x24 C:/Users/User/Documents/SDK11.16.8.PatchC/SDKTPLUS/HW_T2/gnu_434/lib/GRAPHICLIB.LIB(GL_Message_GetWindow.o)
                0x00003bcc                GL_Message_GetWindow
 .text          0x00003be4       0x24 C:/Users/User/Documents/SDK11.16.8.PatchC/SDKTPLUS/HW_T2/gnu_434/lib/GRAPHICLIB.LIB(GL_Message_SetResult.o)
                0x00003bf0                GL_Message_SetResult
 .text          0x00003c08       0x24 C:/Users/User/Documents/SDK11.16.8.PatchC/SDKTPLUS/HW_T2/gnu_434/lib/GRAPHICLIB.LIB(GL_Widget_Destroy.o)
                0x00003c14                GL_Widget_Destroy
 .text          0x00003c2c       0x24 C:/Users/User/Documents/SDK11.16.8.PatchC/SDKTPLUS/HW_T2/gnu_434/lib/GRAPHICLIB.LIB(GL_Widget_GetText.o)
                0x00003c38                GL_Widget_GetText
 .text          0x00003c50       0x24 C:/Users/User/Documents/SDK11.16.8.PatchC/SDKTPLUS/HW_T2/gnu_434/lib/GRAPHICLIB.LIB(GL_Widget_RegisterCallback.o)
                0x00003c5c                GL_Widget_RegisterCallback
 .text          0x00003c74       0x24 C:/Users/User/Documents/SDK11.16.8.PatchC/SDKTPLUS/HW_T2/gnu_434/lib/GRAPHICLIB.LIB(GL_Widget_SearchId.o)
                0x00003c80                GL_Widget_SearchId
 .text          0x00003c98       0x24 C:/Users/User/Documents/SDK11.16.8.PatchC/SDKTPLUS/HW_T2/gnu_434/lib/GRAPHICLIB.LIB(GL_Widget_SetBackAlign.o)
                0x00003ca4                GL_Widget_SetBackAlign
 .text          0x00003cbc       0x24 C:/Users/User/Documents/SDK11.16.8.PatchC/SDKTPLUS/HW_T2/gnu_434/lib/GRAPHICLIB.LIB(GL_Widget_SetFontScale.o)
                0x00003cc8                GL_Widget_SetFontScale
 .text          0x00003ce0       0x24 C:/Users/User/Documents/SDK11.16.8.PatchC/SDKTPLUS/HW_T2/gnu_434/lib/GRAPHICLIB.LIB(GL_Widget_SetText.o)
                0x00003cec                GL_Widget_SetText
 .text          0x00003d04       0x24 C:/Users/User/Documents/SDK11.16.8.PatchC/SDKTPLUS/HW_T2/gnu_434/lib/GRAPHICLIB.LIB(GL_Window_Create.o)
                0x00003d10                GL_Window_Create
 .text          0x00003d28       0x24 C:/Users/User/Documents/SDK11.16.8.PatchC/SDKTPLUS/HW_T2/gnu_434/lib/GRAPHICLIB.LIB(GL_Window_Dispatch.o)
                0x00003d34                GL_Window_Dispatch
 .text          0x00003d4c       0x24 C:/Users/User/Documents/SDK11.16.8.PatchC/SDKTPLUS/HW_T2/gnu_434/lib/GRAPHICLIB.LIB(GL_Window_GetResult.o)
                0x00003d58                GL_Window_GetResult
 .text          0x00003d70       0x24 C:/Users/User/Documents/SDK11.16.8.PatchC/SDKTPLUS/HW_T2/gnu_434/lib/GRAPHICLIB.LIB(GL_Window_MainLoop.o)
                0x00003d7c                GL_Window_MainLoop
 .text          0x00003d94       0x24 C:/Users/User/Documents/SDK11.16.8.PatchC/SDKTPLUS/HW_T2/gnu_434/lib/GRAPHICLIB.LIB(GL_Window_PreviousFocus.o)
                0x00003da0                GL_Window_PreviousFocus
 .text          0x00003db8      0x114 C:/Users/User/Documents/SDK11.16.8.PatchC/SDKTPLUS/HW_T2/gnu_434/lib/GRAPHICLIB.LIB(GL_link.o)
                0x00003db8                GL_IsPresent
                0x00003df4                GL_GetProcAddressWithoutExit
                0x00003e8c                GL_GetProcAddress
 .text          0x00003ecc       0x2c C:/Users/User/Documents/SDK11.16.8.PatchC/SDKTPLUS/HW_T2/gnu_434/lib/GRAPHICLIB.LIB(gl_asm_link.o)
                0x00003ecc                GL_InitFuncAndBranch
                0x00003edc                GL_Swi_ObjectLoad
                0x00003eea                GL_Swi_DllLink
 .text          0x00003ef8       0x1c C:/Users/User/Documents/IngeDev_8.18.0.5/toolchains/gnuArm4/arm-elf/lib/thumb/soft/interwork/libc.a(lib_a-memcpy.o)
                0x00003ef8                memcpy
 .text          0x00003f14       0x10 C:/Users/User/Documents/IngeDev_8.18.0.5/toolchains/gnuArm4/arm-elf/lib/thumb/soft/interwork/libc.a(lib_a-memset.o)
                0x00003f14                memset
 .text          0x00003f24       0xa0 C:/Users/User/Documents/IngeDev_8.18.0.5/toolchains/gnuArm4/arm-elf/lib/thumb/soft/interwork/libc.a(lib_a-sscanf.o)
                0x00003f24                _sscanf_r
                0x00003f74                sscanf
 .text          0x00003fc4       0xac C:/Users/User/Documents/IngeDev_8.18.0.5/toolchains/gnuArm4/arm-elf/lib/thumb/soft/interwork/libc.a(lib_a-stdio.o)
                0x00003fc4                __seofread
                0x00003fc8                __sclose
                0x00003fd8                __sseek
                0x00004008                __swrite
                0x00004044                __sread
 .text          0x00004070       0x1c C:/Users/User/Documents/IngeDev_8.18.0.5/toolchains/gnuArm4/arm-elf/lib/thumb/soft/interwork/libc.a(lib_a-strchr.o)
                0x00004070                strchr
 .text          0x0000408c       0x10 C:/Users/User/Documents/IngeDev_8.18.0.5/toolchains/gnuArm4/arm-elf/lib/thumb/soft/interwork/libc.a(lib_a-strcpy.o)
                0x0000408c                strcpy
 .text          0x0000409c       0x10 C:/Users/User/Documents/IngeDev_8.18.0.5/toolchains/gnuArm4/arm-elf/lib/thumb/soft/interwork/libc.a(lib_a-strlen.o)
                0x0000409c                strlen
 .text          0x000040ac       0x34 C:/Users/User/Documents/IngeDev_8.18.0.5/toolchains/gnuArm4/arm-elf/lib/thumb/soft/interwork/libc.a(lib_a-strncpy.o)
                0x000040ac                strncpy
 .text          0x000040e0      0xc7c C:/Users/User/Documents/IngeDev_8.18.0.5/toolchains/gnuArm4/arm-elf/lib/thumb/soft/interwork/libc.a(lib_a-svfscanf.o)
                0x000040e0                __ssvfscanf_r
 .text          0x00004d5c       0x2c C:/Users/User/Documents/IngeDev_8.18.0.5/toolchains/gnuArm4/arm-elf/lib/thumb/soft/interwork/libc.a(lib_a-writer.o)
                0x00004d5c                _write_r
 .text          0x00004d88       0x28 C:/Users/User/Documents/IngeDev_8.18.0.5/toolchains/gnuArm4/arm-elf/lib/thumb/soft/interwork/libc.a(lib_a-closer.o)
                0x00004d88                _close_r
 .text          0x00004db0        0x0 C:/Users/User/Documents/IngeDev_8.18.0.5/toolchains/gnuArm4/arm-elf/lib/thumb/soft/interwork/libc.a(lib_a-ctype_.o)
 .text          0x00004db0      0x1d4 C:/Users/User/Documents/IngeDev_8.18.0.5/toolchains/gnuArm4/arm-elf/lib/thumb/soft/interwork/libc.a(lib_a-findfp.o)
                0x00004db0                __sfp_lock_acquire
                0x00004db4                __sfp_lock_release
                0x00004db8                __sinit_lock_acquire
                0x00004dbc                __sinit_lock_release
                0x00004dc8                __fp_unlock_all
                0x00004de0                __fp_lock_all
                0x00004df8                _cleanup_r
                0x00004e08                _cleanup
                0x00004e6c                __sinit
                0x00004ec8                __sfmoreglue
                0x00004efc                __sfp
 .text          0x00004f84       0xa8 C:/Users/User/Documents/IngeDev_8.18.0.5/toolchains/gnuArm4/arm-elf/lib/thumb/soft/interwork/libc.a(lib_a-fwalk.o)
                0x00004f84                _fwalk_reent
                0x00004fd8                _fwalk
 .text          0x0000502c        0x0 C:/Users/User/Documents/IngeDev_8.18.0.5/toolchains/gnuArm4/arm-elf/lib/thumb/soft/interwork/libc.a(lib_a-impure.o)
 .text          0x0000502c       0x1c C:/Users/User/Documents/IngeDev_8.18.0.5/toolchains/gnuArm4/arm-elf/lib/thumb/soft/interwork/libc.a(lib_a-iswspace.o)
                0x0000502c                iswspace
 .text          0x00005048       0x84 C:/Users/User/Documents/IngeDev_8.18.0.5/toolchains/gnuArm4/arm-elf/lib/thumb/soft/interwork/libc.a(lib_a-locale.o)
                0x00005048                __locale_charset
                0x00005050                __locale_msgcharset
                0x00005058                __locale_cjk_lang
                0x0000505c                _localeconv_r
                0x00005064                localeconv
                0x0000506c                _setlocale_r
                0x000050b0                setlocale
 .text          0x000050cc       0x2c C:/Users/User/Documents/IngeDev_8.18.0.5/toolchains/gnuArm4/arm-elf/lib/thumb/soft/interwork/libc.a(lib_a-lseekr.o)
                0x000050cc                _lseek_r
 .text          0x000050f8       0x8c C:/Users/User/Documents/IngeDev_8.18.0.5/toolchains/gnuArm4/arm-elf/lib/thumb/soft/interwork/libc.a(lib_a-mbrtowc.o)
                0x000050f8                _mbrtowc_r
                0x00005158                mbrtowc
 .text          0x00005184       0x64 C:/Users/User/Documents/IngeDev_8.18.0.5/toolchains/gnuArm4/arm-elf/lib/thumb/soft/interwork/libc.a(lib_a-mbtowc_r.o)
                0x00005184                __ascii_mbtowc
                0x000051b0                _mbtowc_r
 .text          0x000051e8       0x2c C:/Users/User/Documents/IngeDev_8.18.0.5/toolchains/gnuArm4/arm-elf/lib/thumb/soft/interwork/libc.a(lib_a-readr.o)
                0x000051e8                _read_r
 .text          0x00005214      0x108 C:/Users/User/Documents/IngeDev_8.18.0.5/toolchains/gnuArm4/arm-elf/lib/thumb/soft/interwork/libc.a(lib_a-reent.o)
                0x00005214                _wrapup_reent
                0x0000525c                cleanup_glue
                0x0000527c                _reclaim_reent
 .text          0x0000531c       0x7c C:/Users/User/Documents/IngeDev_8.18.0.5/toolchains/gnuArm4/arm-elf/lib/thumb/soft/interwork/libc.a(lib_a-s_fpclassify.o)
                0x0000531c                __fpclassifyd
 .text          0x00005398       0x78 C:/Users/User/Documents/IngeDev_8.18.0.5/toolchains/gnuArm4/arm-elf/lib/thumb/soft/interwork/libc.a(lib_a-sccl.o)
                0x00005398                __sccl
 .text          0x00005410        0x8 C:/Users/User/Documents/IngeDev_8.18.0.5/toolchains/gnuArm4/arm-elf/lib/thumb/soft/interwork/libc.a(lib_a-sf_nan.o)
                0x00005410                nanf
 .text          0x00005418       0x14 C:/Users/User/Documents/IngeDev_8.18.0.5/toolchains/gnuArm4/arm-elf/lib/thumb/soft/interwork/libc.a(lib_a-strcmp.o)
                0x00005418                strcmp
 .text          0x0000542c      0xc88 C:/Users/User/Documents/IngeDev_8.18.0.5/toolchains/gnuArm4/arm-elf/lib/thumb/soft/interwork/libc.a(lib_a-strtod.o)
                0x0000542c                _strtod_r
                0x00006064                strtof
                0x00006098                strtod
 .text          0x000060b4      0x154 C:/Users/User/Documents/IngeDev_8.18.0.5/toolchains/gnuArm4/arm-elf/lib/thumb/soft/interwork/libc.a(lib_a-strtol.o)
                0x000060b4                _strtol_r
                0x000061e8                strtol
 .text          0x00006208      0x128 C:/Users/User/Documents/IngeDev_8.18.0.5/toolchains/gnuArm4/arm-elf/lib/thumb/soft/interwork/libc.a(lib_a-strtoul.o)
                0x00006208                _strtoul_r
                0x00006310                strtoul
 .text          0x00006330      0x998 C:/Users/User/Documents/IngeDev_8.18.0.5/toolchains/gnuArm4/arm-elf/lib/thumb/soft/interwork/libc.a(lib_a-svfiscanf.o)
                0x00006330                __ssrefill_r
                0x00006374                _sfread_r
                0x000063f0                _sungetc_r
                0x0000647c                __ssvfiscanf_r
 .text          0x00006cc8      0x59c C:/Users/User/Documents/IngeDev_8.18.0.5/toolchains/gnuArm4/arm-elf/lib/thumb/soft/interwork/libc.a(lib_a-syscalls.o)
                0x00006cc8                initialise_monitor_handles
                0x00006d40                _kill
                0x00006d68                _exit
                0x00006d80                _getpid
                0x00006d84                _link
                0x00006d8c                _raise
                0x00006d90                _gettimeofday
                0x00006dbc                _times
                0x00006e04                _rename
                0x00006e3c                _system
                0x00006e84                _unlink
                0x00006eb0                _swiopen
                0x00006f40                _open
                0x00006f54                _sbrk
                0x00006fd8                _isatty
                0x00006ffc                _swiclose
                0x0000703c                _close
                0x0000704c                _swiwrite
                0x00007074                _write
                0x000070dc                _swilseek
                0x00007168                _lseek
                0x00007178                _swiread
                0x000071a0                _read
                0x00007204                _stat
                0x00007240                _fstat
 .text          0x00007264      0x17c C:/Users/User/Documents/IngeDev_8.18.0.5/toolchains/gnuArm4/arm-elf/lib/thumb/soft/interwork/libc.a(lib_a-ungetc.o)
                0x00007264                __submore
                0x000072e0                _ungetc_r
                0x000073c4                ungetc
 .text          0x000073e0        0xc C:/Users/User/Documents/IngeDev_8.18.0.5/toolchains/gnuArm4/arm-elf/lib/thumb/soft/interwork/libc.a(lib_a-errno.o)
                0x000073e0                __errno
 .text          0x000073ec       0xac C:/Users/User/Documents/IngeDev_8.18.0.5/toolchains/gnuArm4/arm-elf/lib/thumb/soft/interwork/libc.a(lib_a-fclose.o)
                0x000073ec                _fclose_r
                0x00007480                fclose
 .text          0x00007498      0x18c C:/Users/User/Documents/IngeDev_8.18.0.5/toolchains/gnuArm4/arm-elf/lib/thumb/soft/interwork/libc.a(lib_a-fflush.o)
                0x00007498                _fflush_r
                0x000075f0                fflush
 .text          0x00007624      0x54c C:/Users/User/Documents/IngeDev_8.18.0.5/toolchains/gnuArm4/arm-elf/lib/thumb/soft/interwork/libc.a(lib_a-gdtoa-gethex.o)
                0x00007624                __hexdig_init
                0x000076f0                __gethex
 .text          0x00007b70      0x170 C:/Users/User/Documents/IngeDev_8.18.0.5/toolchains/gnuArm4/arm-elf/lib/thumb/soft/interwork/libc.a(lib_a-gdtoa-hexnan.o)
                0x00007b70                __hexnan
 .text          0x00007ce0      0x8e8 C:/Users/User/Documents/IngeDev_8.18.0.5/toolchains/gnuArm4/arm-elf/lib/thumb/soft/interwork/libc.a(lib_a-mprec.o)
                0x00007ce0                _Bfree
                0x00007cf8                __hi0bits
                0x00007d40                __lo0bits
                0x00007da4                __mcmp
                0x00007de4                __ulp
                0x00007e2c                __b2d
                0x00007ee8                __ratio
                0x00007f3c                _mprec_log10
                0x00007f7c                __copybits
                0x00007fb0                __any_on
                0x00008000                _Balloc
                0x00008054                __d2b
                0x0000811c                __mdiff
                0x00008230                __lshift
                0x000082c8                __multiply
                0x00008404                __i2b
                0x0000841c                __multadd
                0x000084a8                __pow5mult
                0x00008544                __s2b
 .text          0x000085c8       0x2c C:/Users/User/Documents/IngeDev_8.18.0.5/toolchains/gnuArm4/arm-elf/lib/thumb/soft/interwork/libc.a(lib_a-strncmp.o)
                0x000085c8                strncmp
 .text          0x000085f4       0x8c C:/Users/User/Documents/IngeDev_8.18.0.5/toolchains/gnuArm4/lib/gcc/arm-elf/4.3.4/thumb/soft/interwork/libgcc.a(_udivsi3.o)
                0x000085f4                __udivsi3
                0x000085f4                __aeabi_uidiv
                0x00008670                __aeabi_uidivmod
 .text          0x00008680       0xa4 C:/Users/User/Documents/IngeDev_8.18.0.5/toolchains/gnuArm4/lib/gcc/arm-elf/4.3.4/thumb/soft/interwork/libgcc.a(_divsi3.o)
                0x00008680                __aeabi_idiv
                0x00008680                __divsi3
                0x00008714                __aeabi_idivmod
 .text          0x00008724       0xc8 C:/Users/User/Documents/IngeDev_8.18.0.5/toolchains/gnuArm4/lib/gcc/arm-elf/4.3.4/thumb/soft/interwork/libgcc.a(_umodsi3.o)
                0x00008724                __umodsi3
 .text          0x000087ec        0x4 C:/Users/User/Documents/IngeDev_8.18.0.5/toolchains/gnuArm4/lib/gcc/arm-elf/4.3.4/thumb/soft/interwork/libgcc.a(_dvmd_tls.o)
                0x000087ec                __aeabi_ldiv0
                0x000087ec                __div0
                0x000087ec                __aeabi_idiv0
 .text          0x000087f0      0x430 C:/Users/User/Documents/IngeDev_8.18.0.5/toolchains/gnuArm4/lib/gcc/arm-elf/4.3.4/thumb/soft/interwork/libgcc.a(_addsubdf3.o)
                0x000087f0                __aeabi_drsub
                0x000087f8                __subdf3
                0x000087f8                __aeabi_dsub
                0x000087fc                __aeabi_dadd
                0x000087fc                __adddf3
                0x00008b0c                __aeabi_ui2d
                0x00008b0c                __floatunsidf
                0x00008b34                __floatsidf
                0x00008b34                __aeabi_i2d
                0x00008b60                __extendsfdf2
                0x00008b60                __aeabi_f2d
                0x00008ba0                __aeabi_ul2d
                0x00008ba0                __floatundidf
                0x00008bb4                __aeabi_l2d
                0x00008bb4                __floatdidf
 .text          0x00008c20      0x49c C:/Users/User/Documents/IngeDev_8.18.0.5/toolchains/gnuArm4/lib/gcc/arm-elf/4.3.4/thumb/soft/interwork/libgcc.a(_muldivdf3.o)
                0x00008c20                __aeabi_dmul
                0x00008c20                __muldf3
                0x00008eb0                __aeabi_ddiv
                0x00008eb0                __divdf3
 .text          0x000090bc      0x140 C:/Users/User/Documents/IngeDev_8.18.0.5/toolchains/gnuArm4/lib/gcc/arm-elf/4.3.4/thumb/soft/interwork/libgcc.a(_cmpdf2.o)
                0x000090bc                __gtdf2
                0x000090bc                __gedf2
                0x000090c4                __ltdf2
                0x000090c4                __ledf2
                0x000090cc                __eqdf2
                0x000090cc                __nedf2
                0x000090cc                __cmpdf2
                0x00009150                __aeabi_cdrcmple
                0x0000916c                __aeabi_cdcmple
                0x0000916c                __aeabi_cdcmpeq
                0x00009184                __aeabi_dcmpeq
                0x0000919c                __aeabi_dcmplt
                0x000091b4                __aeabi_dcmple
                0x000091cc                __aeabi_dcmpge
                0x000091e4                __aeabi_dcmpgt
 .text          0x000091fc       0x5c C:/Users/User/Documents/IngeDev_8.18.0.5/toolchains/gnuArm4/lib/gcc/arm-elf/4.3.4/thumb/soft/interwork/libgcc.a(_fixdfsi.o)
                0x000091fc                __fixdfsi
                0x000091fc                __aeabi_d2iz
 .text          0x00009258       0x54 C:/Users/User/Documents/IngeDev_8.18.0.5/toolchains/gnuArm4/lib/gcc/arm-elf/4.3.4/thumb/soft/interwork/libgcc.a(_fixunsdfsi.o)
                0x00009258                __fixunsdfsi
                0x00009258                __aeabi_d2uiz
 .text          0x000092ac       0xa0 C:/Users/User/Documents/IngeDev_8.18.0.5/toolchains/gnuArm4/lib/gcc/arm-elf/4.3.4/thumb/soft/interwork/libgcc.a(_truncdfsf2.o)
                0x000092ac                __aeabi_d2f
                0x000092ac                __truncdfsf2
 .text          0x0000934c      0x2f8 C:/Users/User/Documents/IngeDev_8.18.0.5/toolchains/gnuArm4/lib/gcc/arm-elf/4.3.4/thumb/soft/interwork/libgcc.a(_muldivsf3.o)
                0x0000934c                __mulsf3
                0x0000934c                __aeabi_fmul
                0x000094e4                __divsf3
                0x000094e4                __aeabi_fdiv
 .text          0x00009644      0x110 C:/Users/User/Documents/IngeDev_8.18.0.5/toolchains/gnuArm4/lib/gcc/arm-elf/4.3.4/thumb/soft/interwork/libgcc.a(_cmpsf2.o)
                0x00009644                __gesf2
                0x00009644                __gtsf2
                0x0000964c                __ltsf2
                0x0000964c                __lesf2
                0x00009654                __nesf2
                0x00009654                __eqsf2
                0x00009654                __cmpsf2
                0x000096b4                __aeabi_cfrcmple
                0x000096c4                __aeabi_cfcmpeq
                0x000096c4                __aeabi_cfcmple
                0x000096dc                __aeabi_fcmpeq
                0x000096f4                __aeabi_fcmplt
                0x0000970c                __aeabi_fcmple
                0x00009724                __aeabi_fcmpge
                0x0000973c                __aeabi_fcmpgt
 .text          0x00009754        0xe C:/Users/User/Documents/SDK11.16.8.PatchC/SDKTPLUS/HW_T2/gnu_434/lib/TRAP_TELIUM_PLUS.LIB(upload_diagnostic_txt.o)
                0x00009754                upload_diagnostic_txt
 *fill*         0x00009762        0x6 00
 .text.stub     0x00009768       0x80 linker stubs
 *(.gnu.linkonce.t.*)
 *(.strings .strings.*)
 *(.glue_7)
 .glue_7        0x00000000        0x0 linker stubs
 *(.glue_7t)
 .glue_7t       0x00000000        0x0 linker stubs
 *(.gcc_except_table)

.vfp11_veneer   0x000097e8        0x0
 .vfp11_veneer  0x00000000        0x0 linker stubs

.v4_bx          0x000097e8        0x0
 .v4_bx         0x00000000        0x0 linker stubs

.eh_frame
 *(.eh_frame)

.jcr
 *(.jcr)

.ctors          0x000097e8        0x0
                0x000097e8                __ctors_start = .
 *(SORT(.ctors.*))
 *(.ctors)
                0x000097e8                __ctors_end = .

.dtors          0x000097e8        0x0
                0x000097e8                __dtors_start = .
 *(SORT(.dtors.*))
 *(.dtors)
                0x000097e8                __dtors_end = .

.rodata         0x000097e8      0xec0
 *(.rodata .rodata.*)
 .rodata        0x000097e8       0x18 C:/Users/User/Documents/SDK11.16.8.PatchC/SDKTPLUS/HW_T2/gnu_434/startfiles/cstartupTplus.o
 .rodata        0x00009800       0xd8 Obj/GNU_ARM_DEBUG_T2/Main.o
 .rodata        0x000098d8      0x35c Obj/GNU_ARM_DEBUG_T2/Entry.o
 .rodata        0x00009c34       0x44 Obj/GNU_ARM_DEBUG_T2/Menu.o
 .rodata        0x00009c78       0xa4 Obj/GNU_ARM_DEBUG_T2/DateScreen.o
                0x00009c78                DATESCREEN_OK_STATUS
                0x00009c7c                DATESCREEN_CANCEL_STATUS
 .rodata        0x00009d1c       0x1c Obj/GNU_ARM_DEBUG_T2/MenuInterface.o
 .rodata        0x00009d38      0x250 Obj/GNU_ARM_DEBUG_T2/Sale.o
 .rodata        0x00009f88      0x228 Obj/GNU_ARM_DEBUG_T2/BillManagement.o
 .rodata        0x0000a1b0      0x148 Obj/GNU_ARM_DEBUG_T2/CashBack.o
 .rodata.str1.1
                0x0000a2f8        0x8 C:/Users/User/Documents/SDK11.16.8.PatchC/SDKTPLUS/HW_T2/gnu_434/lib/eft30tplus.lib(extenstp1.o)
 .rodata.str1.1
                0x00000000        0x8 C:/Users/User/Documents/SDK11.16.8.PatchC/SDKTPLUS/HW_T2/gnu_434/lib/eft30tplus.lib(toolstp1.o)
 .rodata.str1.1
                0x0000a300       0x6a C:/Users/User/Documents/SDK11.16.8.PatchC/SDKTPLUS/HW_T2/gnu_434/lib/GRAPHICLIB.LIB(GL_link.o)
 .rodata.str1.1
                0x0000a36a        0x5 C:/Users/User/Documents/IngeDev_8.18.0.5/toolchains/gnuArm4/arm-elf/lib/thumb/soft/interwork/libc.a(lib_a-svfscanf.o)
 *fill*         0x0000a36f        0x1 00
 .rodata        0x0000a370       0x38 C:/Users/User/Documents/IngeDev_8.18.0.5/toolchains/gnuArm4/arm-elf/lib/thumb/soft/interwork/libc.a(lib_a-svfscanf.o)
 .rodata        0x0000a3a8      0x101 C:/Users/User/Documents/IngeDev_8.18.0.5/toolchains/gnuArm4/arm-elf/lib/thumb/soft/interwork/libc.a(lib_a-ctype_.o)
                0x0000a3a8                _ctype_
 *fill*         0x0000a4a9        0x3 00
 .rodata        0x0000a4ac        0x4 C:/Users/User/Documents/IngeDev_8.18.0.5/toolchains/gnuArm4/arm-elf/lib/thumb/soft/interwork/libc.a(lib_a-impure.o)
                0x0000a4ac                _global_impure_ptr
 .rodata.str1.1
                0x0000a4b0        0x2 C:/Users/User/Documents/IngeDev_8.18.0.5/toolchains/gnuArm4/arm-elf/lib/thumb/soft/interwork/libc.a(lib_a-impure.o)
 .rodata.str1.1
                0x0000a4b2        0x8 C:/Users/User/Documents/IngeDev_8.18.0.5/toolchains/gnuArm4/arm-elf/lib/thumb/soft/interwork/libc.a(lib_a-locale.o)
                                  0xb (size before relaxing)
 *fill*         0x0000a4ba        0x2 00
 .rodata        0x0000a4bc       0x38 C:/Users/User/Documents/IngeDev_8.18.0.5/toolchains/gnuArm4/arm-elf/lib/thumb/soft/interwork/libc.a(lib_a-locale.o)
 .rodata.str1.1
                0x00000000        0x1 C:/Users/User/Documents/IngeDev_8.18.0.5/toolchains/gnuArm4/arm-elf/lib/thumb/soft/interwork/libc.a(lib_a-mbrtowc.o)
 .rodata.str1.1
                0x0000a4f4        0xc C:/Users/User/Documents/IngeDev_8.18.0.5/toolchains/gnuArm4/arm-elf/lib/thumb/soft/interwork/libc.a(lib_a-strtod.o)
 .rodata        0x0000a500       0x44 C:/Users/User/Documents/IngeDev_8.18.0.5/toolchains/gnuArm4/arm-elf/lib/thumb/soft/interwork/libc.a(lib_a-strtod.o)
 .rodata        0x0000a544       0x22 C:/Users/User/Documents/IngeDev_8.18.0.5/toolchains/gnuArm4/arm-elf/lib/thumb/soft/interwork/libc.a(lib_a-svfiscanf.o)
 .rodata.str1.1
                0x0000a566        0x4 C:/Users/User/Documents/IngeDev_8.18.0.5/toolchains/gnuArm4/arm-elf/lib/thumb/soft/interwork/libc.a(lib_a-syscalls.o)
 .rodata.str1.1
                0x0000a56a       0x19 C:/Users/User/Documents/IngeDev_8.18.0.5/toolchains/gnuArm4/arm-elf/lib/thumb/soft/interwork/libc.a(lib_a-gdtoa-gethex.o)
 *fill*         0x0000a583        0x1 00
 .rodata        0x0000a584      0x124 C:/Users/User/Documents/IngeDev_8.18.0.5/toolchains/gnuArm4/arm-elf/lib/thumb/soft/interwork/libc.a(lib_a-mprec.o)
                0x0000a584                __mprec_tens
                0x0000a64c                __mprec_bigtens
                0x0000a674                __mprec_tinytens
 *(.gnu.linkonce.r.*)
                0x0000a6a8                __text_end = .
                0x00200000                . = 0x200000

.data           0x00200000      0x72c load address 0x0000a6a8
                0x00200000                __data_start = .
 *(.data .data.*)
 .data          0x00200000        0x8 C:/Users/User/Documents/SDK11.16.8.PatchC/SDKTPLUS/HW_T2/gnu_434/startfiles/cstartupTplus.o
                0x00200000                __stack_chk_guard
                0x00200004                __dso_handle
 .data          0x00200008        0x0 C:/Users/User/Documents/SDK11.16.8.PatchC/SDKTPLUS/HW_T2/gnu_434/startfiles/libcpatch.o
 .data          0x00200008        0x0 Obj/GNU_ARM_DEBUG_T2/Main.o
 .data          0x00200008      0x108 Obj/GNU_ARM_DEBUG_T2/Entry.o
 .data          0x00200110        0x0 Obj/GNU_ARM_DEBUG_T2/Menu.o
 .data          0x00200110        0x0 Obj/GNU_ARM_DEBUG_T2/DateScreen.o
 .data          0x00200110        0x0 Obj/GNU_ARM_DEBUG_T2/Utils.o
 .data          0x00200110        0x0 Obj/GNU_ARM_DEBUG_T2/MenuInterface.o
 .data          0x00200110        0x0 Obj/GNU_ARM_DEBUG_T2/Sale.o
 .data          0x00200110        0x0 Obj/GNU_ARM_DEBUG_T2/BillManagement.o
 .data          0x00200110        0x0 Obj/GNU_ARM_DEBUG_T2/CashBack.o
 .data          0x00200110        0x0 Obj/GNU_ARM_DEBUG_T2/CardStripe.o
 .data          0x00200110        0x0 Obj/GNU_ARM_DEBUG_T2/PrinterFormat.o
 .data          0x00200110        0x4 C:/Users/User/Documents/SDK11.16.8.PatchC/SDKTPLUS/HW_T2/gnu_434/lib/eft30tplus.lib(Beep.o)
 .data          0x00200114        0x0 C:/Users/User/Documents/SDK11.16.8.PatchC/SDKTPLUS/HW_T2/gnu_434/lib/eft30tplus.lib(extenstp1.o)
 .data          0x00200114        0x4 C:/Users/User/Documents/SDK11.16.8.PatchC/SDKTPLUS/HW_T2/gnu_434/lib/eft30tplus.lib(DisplayFooter.o)
 .data          0x00200118        0x4 C:/Users/User/Documents/SDK11.16.8.PatchC/SDKTPLUS/HW_T2/gnu_434/lib/eft30tplus.lib(DisplayHeader.o)
 .data          0x0020011c        0x4 C:/Users/User/Documents/SDK11.16.8.PatchC/SDKTPLUS/HW_T2/gnu_434/lib/eft30tplus.lib(DisplayLeds.o)
 .data          0x00200120        0x4 C:/Users/User/Documents/SDK11.16.8.PatchC/SDKTPLUS/HW_T2/gnu_434/lib/eft30tplus.lib(Telium_Read_date.o)
 .data          0x00200124        0x4 C:/Users/User/Documents/SDK11.16.8.PatchC/SDKTPLUS/HW_T2/gnu_434/lib/eft30tplus.lib(Telium_ServiceRegister.o)
 .data          0x00200128        0x0 C:/Users/User/Documents/SDK11.16.8.PatchC/SDKTPLUS/HW_T2/gnu_434/lib/eft30tplus.lib(Telium_Atoi.o)
 .data          0x00200128        0x0 C:/Users/User/Documents/SDK11.16.8.PatchC/SDKTPLUS/HW_T2/gnu_434/lib/eft30tplus.lib(Telium_Pprintf.o)
 .data          0x00200128        0x0 C:/Users/User/Documents/SDK11.16.8.PatchC/SDKTPLUS/HW_T2/gnu_434/lib/eft30tplus.lib(Telium_Stdprt.o)
 .data          0x00200128        0x0 C:/Users/User/Documents/SDK11.16.8.PatchC/SDKTPLUS/HW_T2/gnu_434/lib/eft30tplus.lib(sprintf.o)
 .data          0x00200128        0x0 C:/Users/User/Documents/SDK11.16.8.PatchC/SDKTPLUS/HW_T2/gnu_434/lib/eft30tplus.lib(toolstp1.o)
 .data          0x00200128        0x0 C:/Users/User/Documents/SDK11.16.8.PatchC/SDKTPLUS/HW_T2/gnu_434/lib/TRAP_TELIUM_PLUS.LIB(ApplicationGetCurrent.o)
 .data          0x00200128        0x0 C:/Users/User/Documents/SDK11.16.8.PatchC/SDKTPLUS/HW_T2/gnu_434/lib/TRAP_TELIUM_PLUS.LIB(FS_close.o)
 .data          0x00200128        0x0 C:/Users/User/Documents/SDK11.16.8.PatchC/SDKTPLUS/HW_T2/gnu_434/lib/TRAP_TELIUM_PLUS.LIB(FS_length.o)
 .data          0x00200128        0x0 C:/Users/User/Documents/SDK11.16.8.PatchC/SDKTPLUS/HW_T2/gnu_434/lib/TRAP_TELIUM_PLUS.LIB(FS_mount.o)
 .data          0x00200128        0x0 C:/Users/User/Documents/SDK11.16.8.PatchC/SDKTPLUS/HW_T2/gnu_434/lib/TRAP_TELIUM_PLUS.LIB(FS_open.o)
 .data          0x00200128        0x0 C:/Users/User/Documents/SDK11.16.8.PatchC/SDKTPLUS/HW_T2/gnu_434/lib/TRAP_TELIUM_PLUS.LIB(FS_read.o)
 .data          0x00200128        0x0 C:/Users/User/Documents/SDK11.16.8.PatchC/SDKTPLUS/HW_T2/gnu_434/lib/TRAP_TELIUM_PLUS.LIB(FS_unmount.o)
 .data          0x00200128        0x0 C:/Users/User/Documents/SDK11.16.8.PatchC/SDKTPLUS/HW_T2/gnu_434/lib/TRAP_TELIUM_PLUS.LIB(ObjectGetInfo.o)
 .data          0x00200128        0x0 C:/Users/User/Documents/SDK11.16.8.PatchC/SDKTPLUS/HW_T2/gnu_434/lib/TRAP_TELIUM_PLUS.LIB(Telium_Fclose.o)
 .data          0x00200128        0x0 C:/Users/User/Documents/SDK11.16.8.PatchC/SDKTPLUS/HW_T2/gnu_434/lib/TRAP_TELIUM_PLUS.LIB(Telium_Fopen.o)
 .data          0x00200128        0x0 C:/Users/User/Documents/SDK11.16.8.PatchC/SDKTPLUS/HW_T2/gnu_434/lib/TRAP_TELIUM_PLUS.LIB(Telium_Stdperif.o)
 .data          0x00200128        0x0 C:/Users/User/Documents/SDK11.16.8.PatchC/SDKTPLUS/HW_T2/gnu_434/lib/TRAP_TELIUM_PLUS.LIB(Telium_Ttestall.o)
 .data          0x00200128        0x0 C:/Users/User/Documents/SDK11.16.8.PatchC/SDKTPLUS/HW_T2/gnu_434/lib/TRAP_TELIUM_PLUS.LIB(Telium_Vfprintf.o)
 .data          0x00200128        0x0 C:/Users/User/Documents/SDK11.16.8.PatchC/SDKTPLUS/HW_T2/gnu_434/lib/TRAP_TELIUM_PLUS.LIB(Telium_Vsprintf.o)
 .data          0x00200128        0x0 C:/Users/User/Documents/SDK11.16.8.PatchC/SDKTPLUS/HW_T2/gnu_434/lib/TRAP_TELIUM_PLUS.LIB(first_init.o)
 .data          0x00200128        0x0 C:/Users/User/Documents/SDK11.16.8.PatchC/SDKTPLUS/HW_T2/gnu_434/lib/TRAP_TELIUM_PLUS.LIB(raz_init.o)
 .data          0x00200128        0x0 C:/Users/User/Documents/SDK11.16.8.PatchC/SDKTPLUS/HW_T2/gnu_434/lib/TRAP_TELIUM_PLUS.LIB(ufree.o)
 .data          0x00200128        0x0 C:/Users/User/Documents/SDK11.16.8.PatchC/SDKTPLUS/HW_T2/gnu_434/lib/TRAP_TELIUM_PLUS.LIB(umalloc.o)
 .data          0x00200128        0x0 C:/Users/User/Documents/SDK11.16.8.PatchC/SDKTPLUS/HW_T2/gnu_434/lib/TRAP_TELIUM_PLUS.LIB(urealloc.o)
 .data          0x00200128        0x0 C:/Users/User/Documents/SDK11.16.8.PatchC/SDKTPLUS/HW_T2/gnu_434/lib/OSLAYER.LIB(OSL_Dll_Close.o)
 .data          0x00200128        0x0 C:/Users/User/Documents/SDK11.16.8.PatchC/SDKTPLUS/HW_T2/gnu_434/lib/OSLAYER.LIB(OSL_Dll_GetSymbolByName.o)
 .data          0x00200128        0x0 C:/Users/User/Documents/SDK11.16.8.PatchC/SDKTPLUS/HW_T2/gnu_434/lib/OSLAYER.LIB(OSL_Dll_OpenByAppliType.o)
 *fill*         0x00200128        0x8 00
 .data          0x00200130       0x10 C:/Users/User/Documents/SDK11.16.8.PatchC/SDKTPLUS/HW_T2/gnu_434/lib/GRAPHICLIB.LIB(GL_Dialog_Amount.o)
 .data          0x00200140       0x10 C:/Users/User/Documents/SDK11.16.8.PatchC/SDKTPLUS/HW_T2/gnu_434/lib/GRAPHICLIB.LIB(GL_Dialog_Menu.o)
 .data          0x00200150       0x10 C:/Users/User/Documents/SDK11.16.8.PatchC/SDKTPLUS/HW_T2/gnu_434/lib/GRAPHICLIB.LIB(GL_Dialog_Message.o)
 .data          0x00200160       0x10 C:/Users/User/Documents/SDK11.16.8.PatchC/SDKTPLUS/HW_T2/gnu_434/lib/GRAPHICLIB.LIB(GL_Dialog_Password.o)
 .data          0x00200170       0x10 C:/Users/User/Documents/SDK11.16.8.PatchC/SDKTPLUS/HW_T2/gnu_434/lib/GRAPHICLIB.LIB(GL_Dialog_Text.o)
 .data          0x00200180        0x4 C:/Users/User/Documents/SDK11.16.8.PatchC/SDKTPLUS/HW_T2/gnu_434/lib/GRAPHICLIB.LIB(GL_GraphicLib_Create.o)
 *fill*         0x00200184        0xc 00
 .data          0x00200190       0x10 C:/Users/User/Documents/SDK11.16.8.PatchC/SDKTPLUS/HW_T2/gnu_434/lib/GRAPHICLIB.LIB(GL_GraphicLib_ReadResource.o)
 .data          0x002001a0       0x10 C:/Users/User/Documents/SDK11.16.8.PatchC/SDKTPLUS/HW_T2/gnu_434/lib/GRAPHICLIB.LIB(GL_Label_Create.o)
 .data          0x002001b0       0x10 C:/Users/User/Documents/SDK11.16.8.PatchC/SDKTPLUS/HW_T2/gnu_434/lib/GRAPHICLIB.LIB(GL_Message_GetWindow.o)
 .data          0x002001c0       0x10 C:/Users/User/Documents/SDK11.16.8.PatchC/SDKTPLUS/HW_T2/gnu_434/lib/GRAPHICLIB.LIB(GL_Message_SetResult.o)
 .data          0x002001d0       0x10 C:/Users/User/Documents/SDK11.16.8.PatchC/SDKTPLUS/HW_T2/gnu_434/lib/GRAPHICLIB.LIB(GL_Widget_Destroy.o)
 .data          0x002001e0       0x10 C:/Users/User/Documents/SDK11.16.8.PatchC/SDKTPLUS/HW_T2/gnu_434/lib/GRAPHICLIB.LIB(GL_Widget_GetText.o)
 .data          0x002001f0       0x10 C:/Users/User/Documents/SDK11.16.8.PatchC/SDKTPLUS/HW_T2/gnu_434/lib/GRAPHICLIB.LIB(GL_Widget_RegisterCallback.o)
 .data          0x00200200       0x10 C:/Users/User/Documents/SDK11.16.8.PatchC/SDKTPLUS/HW_T2/gnu_434/lib/GRAPHICLIB.LIB(GL_Widget_SearchId.o)
 .data          0x00200210       0x10 C:/Users/User/Documents/SDK11.16.8.PatchC/SDKTPLUS/HW_T2/gnu_434/lib/GRAPHICLIB.LIB(GL_Widget_SetBackAlign.o)
 .data          0x00200220       0x10 C:/Users/User/Documents/SDK11.16.8.PatchC/SDKTPLUS/HW_T2/gnu_434/lib/GRAPHICLIB.LIB(GL_Widget_SetFontScale.o)
 .data          0x00200230       0x10 C:/Users/User/Documents/SDK11.16.8.PatchC/SDKTPLUS/HW_T2/gnu_434/lib/GRAPHICLIB.LIB(GL_Widget_SetText.o)
 .data          0x00200240       0x10 C:/Users/User/Documents/SDK11.16.8.PatchC/SDKTPLUS/HW_T2/gnu_434/lib/GRAPHICLIB.LIB(GL_Window_Create.o)
 .data          0x00200250       0x10 C:/Users/User/Documents/SDK11.16.8.PatchC/SDKTPLUS/HW_T2/gnu_434/lib/GRAPHICLIB.LIB(GL_Window_Dispatch.o)
 .data          0x00200260       0x10 C:/Users/User/Documents/SDK11.16.8.PatchC/SDKTPLUS/HW_T2/gnu_434/lib/GRAPHICLIB.LIB(GL_Window_GetResult.o)
 .data          0x00200270       0x10 C:/Users/User/Documents/SDK11.16.8.PatchC/SDKTPLUS/HW_T2/gnu_434/lib/GRAPHICLIB.LIB(GL_Window_MainLoop.o)
 .data          0x00200280       0x10 C:/Users/User/Documents/SDK11.16.8.PatchC/SDKTPLUS/HW_T2/gnu_434/lib/GRAPHICLIB.LIB(GL_Window_PreviousFocus.o)
 .data          0x00200290        0x0 C:/Users/User/Documents/SDK11.16.8.PatchC/SDKTPLUS/HW_T2/gnu_434/lib/GRAPHICLIB.LIB(GL_link.o)
 .data          0x00200290        0x0 C:/Users/User/Documents/SDK11.16.8.PatchC/SDKTPLUS/HW_T2/gnu_434/lib/GRAPHICLIB.LIB(gl_asm_link.o)
 .data          0x00200290        0x0 C:/Users/User/Documents/IngeDev_8.18.0.5/toolchains/gnuArm4/arm-elf/lib/thumb/soft/interwork/libc.a(lib_a-memcpy.o)
 .data          0x00200290        0x0 C:/Users/User/Documents/IngeDev_8.18.0.5/toolchains/gnuArm4/arm-elf/lib/thumb/soft/interwork/libc.a(lib_a-memset.o)
 .data          0x00200290        0x0 C:/Users/User/Documents/IngeDev_8.18.0.5/toolchains/gnuArm4/arm-elf/lib/thumb/soft/interwork/libc.a(lib_a-sscanf.o)
 .data          0x00200290        0x0 C:/Users/User/Documents/IngeDev_8.18.0.5/toolchains/gnuArm4/arm-elf/lib/thumb/soft/interwork/libc.a(lib_a-stdio.o)
 .data          0x00200290        0x0 C:/Users/User/Documents/IngeDev_8.18.0.5/toolchains/gnuArm4/arm-elf/lib/thumb/soft/interwork/libc.a(lib_a-strchr.o)
 .data          0x00200290        0x0 C:/Users/User/Documents/IngeDev_8.18.0.5/toolchains/gnuArm4/arm-elf/lib/thumb/soft/interwork/libc.a(lib_a-strcpy.o)
 .data          0x00200290        0x0 C:/Users/User/Documents/IngeDev_8.18.0.5/toolchains/gnuArm4/arm-elf/lib/thumb/soft/interwork/libc.a(lib_a-strlen.o)
 .data          0x00200290        0x0 C:/Users/User/Documents/IngeDev_8.18.0.5/toolchains/gnuArm4/arm-elf/lib/thumb/soft/interwork/libc.a(lib_a-strncpy.o)
 .data          0x00200290        0x0 C:/Users/User/Documents/IngeDev_8.18.0.5/toolchains/gnuArm4/arm-elf/lib/thumb/soft/interwork/libc.a(lib_a-svfscanf.o)
 .data          0x00200290        0x0 C:/Users/User/Documents/IngeDev_8.18.0.5/toolchains/gnuArm4/arm-elf/lib/thumb/soft/interwork/libc.a(lib_a-writer.o)
 .data          0x00200290        0x0 C:/Users/User/Documents/IngeDev_8.18.0.5/toolchains/gnuArm4/arm-elf/lib/thumb/soft/interwork/libc.a(lib_a-closer.o)
 .data          0x00200290        0x4 C:/Users/User/Documents/IngeDev_8.18.0.5/toolchains/gnuArm4/arm-elf/lib/thumb/soft/interwork/libc.a(lib_a-ctype_.o)
                0x00200290                __ctype_ptr__
 .data          0x00200294        0x0 C:/Users/User/Documents/IngeDev_8.18.0.5/toolchains/gnuArm4/arm-elf/lib/thumb/soft/interwork/libc.a(lib_a-findfp.o)
 .data          0x00200294        0x0 C:/Users/User/Documents/IngeDev_8.18.0.5/toolchains/gnuArm4/arm-elf/lib/thumb/soft/interwork/libc.a(lib_a-fwalk.o)
 .data          0x00200294      0x428 C:/Users/User/Documents/IngeDev_8.18.0.5/toolchains/gnuArm4/arm-elf/lib/thumb/soft/interwork/libc.a(lib_a-impure.o)
                0x00200294                _impure_ptr
 .data          0x002006bc        0x0 C:/Users/User/Documents/IngeDev_8.18.0.5/toolchains/gnuArm4/arm-elf/lib/thumb/soft/interwork/libc.a(lib_a-iswspace.o)
 .data          0x002006bc       0x44 C:/Users/User/Documents/IngeDev_8.18.0.5/toolchains/gnuArm4/arm-elf/lib/thumb/soft/interwork/libc.a(lib_a-locale.o)
                0x002006bc                __mb_cur_max
 .data          0x00200700        0x0 C:/Users/User/Documents/IngeDev_8.18.0.5/toolchains/gnuArm4/arm-elf/lib/thumb/soft/interwork/libc.a(lib_a-lseekr.o)
 .data          0x00200700        0x0 C:/Users/User/Documents/IngeDev_8.18.0.5/toolchains/gnuArm4/arm-elf/lib/thumb/soft/interwork/libc.a(lib_a-mbrtowc.o)
 .data          0x00200700        0x4 C:/Users/User/Documents/IngeDev_8.18.0.5/toolchains/gnuArm4/arm-elf/lib/thumb/soft/interwork/libc.a(lib_a-mbtowc_r.o)
                0x00200700                __mbtowc
 .data          0x00200704        0x0 C:/Users/User/Documents/IngeDev_8.18.0.5/toolchains/gnuArm4/arm-elf/lib/thumb/soft/interwork/libc.a(lib_a-readr.o)
 .data          0x00200704        0x0 C:/Users/User/Documents/IngeDev_8.18.0.5/toolchains/gnuArm4/arm-elf/lib/thumb/soft/interwork/libc.a(lib_a-reent.o)
 .data          0x00200704        0x0 C:/Users/User/Documents/IngeDev_8.18.0.5/toolchains/gnuArm4/arm-elf/lib/thumb/soft/interwork/libc.a(lib_a-s_fpclassify.o)
 .data          0x00200704        0x0 C:/Users/User/Documents/IngeDev_8.18.0.5/toolchains/gnuArm4/arm-elf/lib/thumb/soft/interwork/libc.a(lib_a-sccl.o)
 .data          0x00200704        0x0 C:/Users/User/Documents/IngeDev_8.18.0.5/toolchains/gnuArm4/arm-elf/lib/thumb/soft/interwork/libc.a(lib_a-sf_nan.o)
 .data          0x00200704        0x0 C:/Users/User/Documents/IngeDev_8.18.0.5/toolchains/gnuArm4/arm-elf/lib/thumb/soft/interwork/libc.a(lib_a-strcmp.o)
 .data          0x00200704       0x28 C:/Users/User/Documents/IngeDev_8.18.0.5/toolchains/gnuArm4/arm-elf/lib/thumb/soft/interwork/libc.a(lib_a-strtod.o)
 .data          0x0020072c        0x0 C:/Users/User/Documents/IngeDev_8.18.0.5/toolchains/gnuArm4/arm-elf/lib/thumb/soft/interwork/libc.a(lib_a-strtol.o)
 .data          0x0020072c        0x0 C:/Users/User/Documents/IngeDev_8.18.0.5/toolchains/gnuArm4/arm-elf/lib/thumb/soft/interwork/libc.a(lib_a-strtoul.o)
 .data          0x0020072c        0x0 C:/Users/User/Documents/IngeDev_8.18.0.5/toolchains/gnuArm4/arm-elf/lib/thumb/soft/interwork/libc.a(lib_a-svfiscanf.o)
 .data          0x0020072c        0x0 C:/Users/User/Documents/IngeDev_8.18.0.5/toolchains/gnuArm4/arm-elf/lib/thumb/soft/interwork/libc.a(lib_a-syscalls.o)
 .data          0x0020072c        0x0 C:/Users/User/Documents/IngeDev_8.18.0.5/toolchains/gnuArm4/arm-elf/lib/thumb/soft/interwork/libc.a(lib_a-ungetc.o)
 .data          0x0020072c        0x0 C:/Users/User/Documents/IngeDev_8.18.0.5/toolchains/gnuArm4/arm-elf/lib/thumb/soft/interwork/libc.a(lib_a-errno.o)
 .data          0x0020072c        0x0 C:/Users/User/Documents/IngeDev_8.18.0.5/toolchains/gnuArm4/arm-elf/lib/thumb/soft/interwork/libc.a(lib_a-fclose.o)
 .data          0x0020072c        0x0 C:/Users/User/Documents/IngeDev_8.18.0.5/toolchains/gnuArm4/arm-elf/lib/thumb/soft/interwork/libc.a(lib_a-fflush.o)
 .data          0x0020072c        0x0 C:/Users/User/Documents/IngeDev_8.18.0.5/toolchains/gnuArm4/arm-elf/lib/thumb/soft/interwork/libc.a(lib_a-gdtoa-gethex.o)
 .data          0x0020072c        0x0 C:/Users/User/Documents/IngeDev_8.18.0.5/toolchains/gnuArm4/arm-elf/lib/thumb/soft/interwork/libc.a(lib_a-gdtoa-hexnan.o)
 .data          0x0020072c        0x0 C:/Users/User/Documents/IngeDev_8.18.0.5/toolchains/gnuArm4/arm-elf/lib/thumb/soft/interwork/libc.a(lib_a-mprec.o)
 .data          0x0020072c        0x0 C:/Users/User/Documents/IngeDev_8.18.0.5/toolchains/gnuArm4/arm-elf/lib/thumb/soft/interwork/libc.a(lib_a-strncmp.o)
 .data          0x0020072c        0x0 C:/Users/User/Documents/IngeDev_8.18.0.5/toolchains/gnuArm4/lib/gcc/arm-elf/4.3.4/thumb/soft/interwork/libgcc.a(_udivsi3.o)
 .data          0x0020072c        0x0 C:/Users/User/Documents/IngeDev_8.18.0.5/toolchains/gnuArm4/lib/gcc/arm-elf/4.3.4/thumb/soft/interwork/libgcc.a(_divsi3.o)
 .data          0x0020072c        0x0 C:/Users/User/Documents/IngeDev_8.18.0.5/toolchains/gnuArm4/lib/gcc/arm-elf/4.3.4/thumb/soft/interwork/libgcc.a(_umodsi3.o)
 .data          0x0020072c        0x0 C:/Users/User/Documents/IngeDev_8.18.0.5/toolchains/gnuArm4/lib/gcc/arm-elf/4.3.4/thumb/soft/interwork/libgcc.a(_dvmd_tls.o)
 .data          0x0020072c        0x0 C:/Users/User/Documents/IngeDev_8.18.0.5/toolchains/gnuArm4/lib/gcc/arm-elf/4.3.4/thumb/soft/interwork/libgcc.a(_addsubdf3.o)
 .data          0x0020072c        0x0 C:/Users/User/Documents/IngeDev_8.18.0.5/toolchains/gnuArm4/lib/gcc/arm-elf/4.3.4/thumb/soft/interwork/libgcc.a(_muldivdf3.o)
 .data          0x0020072c        0x0 C:/Users/User/Documents/IngeDev_8.18.0.5/toolchains/gnuArm4/lib/gcc/arm-elf/4.3.4/thumb/soft/interwork/libgcc.a(_cmpdf2.o)
 .data          0x0020072c        0x0 C:/Users/User/Documents/IngeDev_8.18.0.5/toolchains/gnuArm4/lib/gcc/arm-elf/4.3.4/thumb/soft/interwork/libgcc.a(_fixdfsi.o)
 .data          0x0020072c        0x0 C:/Users/User/Documents/IngeDev_8.18.0.5/toolchains/gnuArm4/lib/gcc/arm-elf/4.3.4/thumb/soft/interwork/libgcc.a(_fixunsdfsi.o)
 .data          0x0020072c        0x0 C:/Users/User/Documents/IngeDev_8.18.0.5/toolchains/gnuArm4/lib/gcc/arm-elf/4.3.4/thumb/soft/interwork/libgcc.a(_truncdfsf2.o)
 .data          0x0020072c        0x0 C:/Users/User/Documents/IngeDev_8.18.0.5/toolchains/gnuArm4/lib/gcc/arm-elf/4.3.4/thumb/soft/interwork/libgcc.a(_muldivsf3.o)
 .data          0x0020072c        0x0 C:/Users/User/Documents/IngeDev_8.18.0.5/toolchains/gnuArm4/lib/gcc/arm-elf/4.3.4/thumb/soft/interwork/libgcc.a(_cmpsf2.o)
 .data          0x0020072c        0x0 C:/Users/User/Documents/SDK11.16.8.PatchC/SDKTPLUS/HW_T2/gnu_434/lib/TRAP_TELIUM_PLUS.LIB(upload_diagnostic_txt.o)
 *(.gnu.linkonce.d.*)
                0x0020072c                __data_end = .

.bss            0x0020072c      0x220 load address 0x0000add4
                0x0020072c                __bss_start = .
 *(.bss .bss.*)
 .bss           0x0020072c        0x0 C:/Users/User/Documents/SDK11.16.8.PatchC/SDKTPLUS/HW_T2/gnu_434/startfiles/cstartupTplus.o
 .bss           0x0020072c        0x0 C:/Users/User/Documents/SDK11.16.8.PatchC/SDKTPLUS/HW_T2/gnu_434/startfiles/libcpatch.o
 .bss           0x0020072c        0x0 Obj/GNU_ARM_DEBUG_T2/Main.o
 .bss           0x0020072c       0x30 Obj/GNU_ARM_DEBUG_T2/Entry.o
                0x0020072c                mGoal
 .bss           0x0020075c        0x0 Obj/GNU_ARM_DEBUG_T2/Menu.o
 .bss           0x0020075c        0x0 Obj/GNU_ARM_DEBUG_T2/DateScreen.o
 .bss           0x0020075c        0x0 Obj/GNU_ARM_DEBUG_T2/Utils.o
 .bss           0x0020075c        0x8 Obj/GNU_ARM_DEBUG_T2/MenuInterface.o
 .bss           0x00200764        0x0 Obj/GNU_ARM_DEBUG_T2/Sale.o
 .bss           0x00200764        0x0 Obj/GNU_ARM_DEBUG_T2/BillManagement.o
 .bss           0x00200764        0x0 Obj/GNU_ARM_DEBUG_T2/CashBack.o
 .bss           0x00200764        0x0 Obj/GNU_ARM_DEBUG_T2/CardStripe.o
 .bss           0x00200764        0x0 Obj/GNU_ARM_DEBUG_T2/PrinterFormat.o
 .bss           0x00200764        0x0 C:/Users/User/Documents/SDK11.16.8.PatchC/SDKTPLUS/HW_T2/gnu_434/lib/eft30tplus.lib(Beep.o)
 .bss           0x00200764        0x8 C:/Users/User/Documents/SDK11.16.8.PatchC/SDKTPLUS/HW_T2/gnu_434/lib/eft30tplus.lib(extenstp1.o)
                0x00200764                DllGetProcAddress3
                0x00200768                extens_Dll
 .bss           0x0020076c        0x0 C:/Users/User/Documents/SDK11.16.8.PatchC/SDKTPLUS/HW_T2/gnu_434/lib/eft30tplus.lib(DisplayFooter.o)
 .bss           0x0020076c        0x0 C:/Users/User/Documents/SDK11.16.8.PatchC/SDKTPLUS/HW_T2/gnu_434/lib/eft30tplus.lib(DisplayHeader.o)
 .bss           0x0020076c        0x0 C:/Users/User/Documents/SDK11.16.8.PatchC/SDKTPLUS/HW_T2/gnu_434/lib/eft30tplus.lib(DisplayLeds.o)
 .bss           0x0020076c        0x0 C:/Users/User/Documents/SDK11.16.8.PatchC/SDKTPLUS/HW_T2/gnu_434/lib/eft30tplus.lib(Telium_Read_date.o)
 .bss           0x0020076c        0x0 C:/Users/User/Documents/SDK11.16.8.PatchC/SDKTPLUS/HW_T2/gnu_434/lib/eft30tplus.lib(Telium_ServiceRegister.o)
 .bss           0x0020076c        0x0 C:/Users/User/Documents/SDK11.16.8.PatchC/SDKTPLUS/HW_T2/gnu_434/lib/eft30tplus.lib(Telium_Atoi.o)
 .bss           0x0020076c        0x0 C:/Users/User/Documents/SDK11.16.8.PatchC/SDKTPLUS/HW_T2/gnu_434/lib/eft30tplus.lib(Telium_Pprintf.o)
 .bss           0x0020076c        0x0 C:/Users/User/Documents/SDK11.16.8.PatchC/SDKTPLUS/HW_T2/gnu_434/lib/eft30tplus.lib(Telium_Stdprt.o)
 .bss           0x0020076c        0x0 C:/Users/User/Documents/SDK11.16.8.PatchC/SDKTPLUS/HW_T2/gnu_434/lib/eft30tplus.lib(sprintf.o)
 .bss           0x0020076c        0x8 C:/Users/User/Documents/SDK11.16.8.PatchC/SDKTPLUS/HW_T2/gnu_434/lib/eft30tplus.lib(toolstp1.o)
                0x0020076c                toolsDll
                0x00200770                DllGetProcAddressTools
 .bss           0x00200774        0x0 C:/Users/User/Documents/SDK11.16.8.PatchC/SDKTPLUS/HW_T2/gnu_434/lib/TRAP_TELIUM_PLUS.LIB(ApplicationGetCurrent.o)
 .bss           0x00200774        0x0 C:/Users/User/Documents/SDK11.16.8.PatchC/SDKTPLUS/HW_T2/gnu_434/lib/TRAP_TELIUM_PLUS.LIB(FS_close.o)
 .bss           0x00200774        0x0 C:/Users/User/Documents/SDK11.16.8.PatchC/SDKTPLUS/HW_T2/gnu_434/lib/TRAP_TELIUM_PLUS.LIB(FS_length.o)
 .bss           0x00200774        0x0 C:/Users/User/Documents/SDK11.16.8.PatchC/SDKTPLUS/HW_T2/gnu_434/lib/TRAP_TELIUM_PLUS.LIB(FS_mount.o)
 .bss           0x00200774        0x0 C:/Users/User/Documents/SDK11.16.8.PatchC/SDKTPLUS/HW_T2/gnu_434/lib/TRAP_TELIUM_PLUS.LIB(FS_open.o)
 .bss           0x00200774        0x0 C:/Users/User/Documents/SDK11.16.8.PatchC/SDKTPLUS/HW_T2/gnu_434/lib/TRAP_TELIUM_PLUS.LIB(FS_read.o)
 .bss           0x00200774        0x0 C:/Users/User/Documents/SDK11.16.8.PatchC/SDKTPLUS/HW_T2/gnu_434/lib/TRAP_TELIUM_PLUS.LIB(FS_unmount.o)
 .bss           0x00200774        0x0 C:/Users/User/Documents/SDK11.16.8.PatchC/SDKTPLUS/HW_T2/gnu_434/lib/TRAP_TELIUM_PLUS.LIB(ObjectGetInfo.o)
 .bss           0x00200774        0x0 C:/Users/User/Documents/SDK11.16.8.PatchC/SDKTPLUS/HW_T2/gnu_434/lib/TRAP_TELIUM_PLUS.LIB(Telium_Fclose.o)
 .bss           0x00200774        0x0 C:/Users/User/Documents/SDK11.16.8.PatchC/SDKTPLUS/HW_T2/gnu_434/lib/TRAP_TELIUM_PLUS.LIB(Telium_Fopen.o)
 .bss           0x00200774        0x0 C:/Users/User/Documents/SDK11.16.8.PatchC/SDKTPLUS/HW_T2/gnu_434/lib/TRAP_TELIUM_PLUS.LIB(Telium_Stdperif.o)
 .bss           0x00200774        0x0 C:/Users/User/Documents/SDK11.16.8.PatchC/SDKTPLUS/HW_T2/gnu_434/lib/TRAP_TELIUM_PLUS.LIB(Telium_Ttestall.o)
 .bss           0x00200774        0x0 C:/Users/User/Documents/SDK11.16.8.PatchC/SDKTPLUS/HW_T2/gnu_434/lib/TRAP_TELIUM_PLUS.LIB(Telium_Vfprintf.o)
 .bss           0x00200774        0x0 C:/Users/User/Documents/SDK11.16.8.PatchC/SDKTPLUS/HW_T2/gnu_434/lib/TRAP_TELIUM_PLUS.LIB(Telium_Vsprintf.o)
 .bss           0x00200774        0x0 C:/Users/User/Documents/SDK11.16.8.PatchC/SDKTPLUS/HW_T2/gnu_434/lib/TRAP_TELIUM_PLUS.LIB(first_init.o)
 .bss           0x00200774        0x0 C:/Users/User/Documents/SDK11.16.8.PatchC/SDKTPLUS/HW_T2/gnu_434/lib/TRAP_TELIUM_PLUS.LIB(raz_init.o)
 .bss           0x00200774        0x0 C:/Users/User/Documents/SDK11.16.8.PatchC/SDKTPLUS/HW_T2/gnu_434/lib/TRAP_TELIUM_PLUS.LIB(ufree.o)
 .bss           0x00200774        0x0 C:/Users/User/Documents/SDK11.16.8.PatchC/SDKTPLUS/HW_T2/gnu_434/lib/TRAP_TELIUM_PLUS.LIB(umalloc.o)
 .bss           0x00200774        0x0 C:/Users/User/Documents/SDK11.16.8.PatchC/SDKTPLUS/HW_T2/gnu_434/lib/TRAP_TELIUM_PLUS.LIB(urealloc.o)
 .bss           0x00200774        0x0 C:/Users/User/Documents/SDK11.16.8.PatchC/SDKTPLUS/HW_T2/gnu_434/lib/OSLAYER.LIB(OSL_Dll_Close.o)
 .bss           0x00200774        0x0 C:/Users/User/Documents/SDK11.16.8.PatchC/SDKTPLUS/HW_T2/gnu_434/lib/OSLAYER.LIB(OSL_Dll_GetSymbolByName.o)
 .bss           0x00200774        0x0 C:/Users/User/Documents/SDK11.16.8.PatchC/SDKTPLUS/HW_T2/gnu_434/lib/OSLAYER.LIB(OSL_Dll_OpenByAppliType.o)
 .bss           0x00200774        0x0 C:/Users/User/Documents/SDK11.16.8.PatchC/SDKTPLUS/HW_T2/gnu_434/lib/GRAPHICLIB.LIB(GL_Dialog_Amount.o)
 .bss           0x00200774        0x0 C:/Users/User/Documents/SDK11.16.8.PatchC/SDKTPLUS/HW_T2/gnu_434/lib/GRAPHICLIB.LIB(GL_Dialog_Menu.o)
 .bss           0x00200774        0x0 C:/Users/User/Documents/SDK11.16.8.PatchC/SDKTPLUS/HW_T2/gnu_434/lib/GRAPHICLIB.LIB(GL_Dialog_Message.o)
 .bss           0x00200774        0x0 C:/Users/User/Documents/SDK11.16.8.PatchC/SDKTPLUS/HW_T2/gnu_434/lib/GRAPHICLIB.LIB(GL_Dialog_Password.o)
 .bss           0x00200774        0x0 C:/Users/User/Documents/SDK11.16.8.PatchC/SDKTPLUS/HW_T2/gnu_434/lib/GRAPHICLIB.LIB(GL_Dialog_Text.o)
 .bss           0x00200774        0x4 C:/Users/User/Documents/SDK11.16.8.PatchC/SDKTPLUS/HW_T2/gnu_434/lib/GRAPHICLIB.LIB(GL_GraphicLib_Create.o)
 .bss           0x00200778        0x0 C:/Users/User/Documents/SDK11.16.8.PatchC/SDKTPLUS/HW_T2/gnu_434/lib/GRAPHICLIB.LIB(GL_GraphicLib_ReadResource.o)
 .bss           0x00200778        0x0 C:/Users/User/Documents/SDK11.16.8.PatchC/SDKTPLUS/HW_T2/gnu_434/lib/GRAPHICLIB.LIB(GL_Label_Create.o)
 .bss           0x00200778        0x0 C:/Users/User/Documents/SDK11.16.8.PatchC/SDKTPLUS/HW_T2/gnu_434/lib/GRAPHICLIB.LIB(GL_Message_GetWindow.o)
 .bss           0x00200778        0x0 C:/Users/User/Documents/SDK11.16.8.PatchC/SDKTPLUS/HW_T2/gnu_434/lib/GRAPHICLIB.LIB(GL_Message_SetResult.o)
 .bss           0x00200778        0x0 C:/Users/User/Documents/SDK11.16.8.PatchC/SDKTPLUS/HW_T2/gnu_434/lib/GRAPHICLIB.LIB(GL_Widget_Destroy.o)
 .bss           0x00200778        0x0 C:/Users/User/Documents/SDK11.16.8.PatchC/SDKTPLUS/HW_T2/gnu_434/lib/GRAPHICLIB.LIB(GL_Widget_GetText.o)
 .bss           0x00200778        0x0 C:/Users/User/Documents/SDK11.16.8.PatchC/SDKTPLUS/HW_T2/gnu_434/lib/GRAPHICLIB.LIB(GL_Widget_RegisterCallback.o)
 .bss           0x00200778        0x0 C:/Users/User/Documents/SDK11.16.8.PatchC/SDKTPLUS/HW_T2/gnu_434/lib/GRAPHICLIB.LIB(GL_Widget_SearchId.o)
 .bss           0x00200778        0x0 C:/Users/User/Documents/SDK11.16.8.PatchC/SDKTPLUS/HW_T2/gnu_434/lib/GRAPHICLIB.LIB(GL_Widget_SetBackAlign.o)
 .bss           0x00200778        0x0 C:/Users/User/Documents/SDK11.16.8.PatchC/SDKTPLUS/HW_T2/gnu_434/lib/GRAPHICLIB.LIB(GL_Widget_SetFontScale.o)
 .bss           0x00200778        0x0 C:/Users/User/Documents/SDK11.16.8.PatchC/SDKTPLUS/HW_T2/gnu_434/lib/GRAPHICLIB.LIB(GL_Widget_SetText.o)
 .bss           0x00200778        0x0 C:/Users/User/Documents/SDK11.16.8.PatchC/SDKTPLUS/HW_T2/gnu_434/lib/GRAPHICLIB.LIB(GL_Window_Create.o)
 .bss           0x00200778        0x0 C:/Users/User/Documents/SDK11.16.8.PatchC/SDKTPLUS/HW_T2/gnu_434/lib/GRAPHICLIB.LIB(GL_Window_Dispatch.o)
 .bss           0x00200778        0x0 C:/Users/User/Documents/SDK11.16.8.PatchC/SDKTPLUS/HW_T2/gnu_434/lib/GRAPHICLIB.LIB(GL_Window_GetResult.o)
 .bss           0x00200778        0x0 C:/Users/User/Documents/SDK11.16.8.PatchC/SDKTPLUS/HW_T2/gnu_434/lib/GRAPHICLIB.LIB(GL_Window_MainLoop.o)
 .bss           0x00200778        0x0 C:/Users/User/Documents/SDK11.16.8.PatchC/SDKTPLUS/HW_T2/gnu_434/lib/GRAPHICLIB.LIB(GL_Window_PreviousFocus.o)
 .bss           0x00200778        0x8 C:/Users/User/Documents/SDK11.16.8.PatchC/SDKTPLUS/HW_T2/gnu_434/lib/GRAPHICLIB.LIB(GL_link.o)
 .bss           0x00200780        0x0 C:/Users/User/Documents/SDK11.16.8.PatchC/SDKTPLUS/HW_T2/gnu_434/lib/GRAPHICLIB.LIB(gl_asm_link.o)
 .bss           0x00200780        0x0 C:/Users/User/Documents/IngeDev_8.18.0.5/toolchains/gnuArm4/arm-elf/lib/thumb/soft/interwork/libc.a(lib_a-memcpy.o)
 .bss           0x00200780        0x0 C:/Users/User/Documents/IngeDev_8.18.0.5/toolchains/gnuArm4/arm-elf/lib/thumb/soft/interwork/libc.a(lib_a-memset.o)
 .bss           0x00200780        0x0 C:/Users/User/Documents/IngeDev_8.18.0.5/toolchains/gnuArm4/arm-elf/lib/thumb/soft/interwork/libc.a(lib_a-sscanf.o)
 .bss           0x00200780        0x0 C:/Users/User/Documents/IngeDev_8.18.0.5/toolchains/gnuArm4/arm-elf/lib/thumb/soft/interwork/libc.a(lib_a-stdio.o)
 .bss           0x00200780        0x0 C:/Users/User/Documents/IngeDev_8.18.0.5/toolchains/gnuArm4/arm-elf/lib/thumb/soft/interwork/libc.a(lib_a-strchr.o)
 .bss           0x00200780        0x0 C:/Users/User/Documents/IngeDev_8.18.0.5/toolchains/gnuArm4/arm-elf/lib/thumb/soft/interwork/libc.a(lib_a-strcpy.o)
 .bss           0x00200780        0x0 C:/Users/User/Documents/IngeDev_8.18.0.5/toolchains/gnuArm4/arm-elf/lib/thumb/soft/interwork/libc.a(lib_a-strlen.o)
 .bss           0x00200780        0x0 C:/Users/User/Documents/IngeDev_8.18.0.5/toolchains/gnuArm4/arm-elf/lib/thumb/soft/interwork/libc.a(lib_a-strncpy.o)
 .bss           0x00200780        0x0 C:/Users/User/Documents/IngeDev_8.18.0.5/toolchains/gnuArm4/arm-elf/lib/thumb/soft/interwork/libc.a(lib_a-svfscanf.o)
 .bss           0x00200780        0x0 C:/Users/User/Documents/IngeDev_8.18.0.5/toolchains/gnuArm4/arm-elf/lib/thumb/soft/interwork/libc.a(lib_a-writer.o)
 .bss           0x00200780        0x0 C:/Users/User/Documents/IngeDev_8.18.0.5/toolchains/gnuArm4/arm-elf/lib/thumb/soft/interwork/libc.a(lib_a-closer.o)
 .bss           0x00200780        0x0 C:/Users/User/Documents/IngeDev_8.18.0.5/toolchains/gnuArm4/arm-elf/lib/thumb/soft/interwork/libc.a(lib_a-ctype_.o)
 .bss           0x00200780        0x0 C:/Users/User/Documents/IngeDev_8.18.0.5/toolchains/gnuArm4/arm-elf/lib/thumb/soft/interwork/libc.a(lib_a-findfp.o)
 .bss           0x00200780        0x0 C:/Users/User/Documents/IngeDev_8.18.0.5/toolchains/gnuArm4/arm-elf/lib/thumb/soft/interwork/libc.a(lib_a-fwalk.o)
 .bss           0x00200780        0x0 C:/Users/User/Documents/IngeDev_8.18.0.5/toolchains/gnuArm4/arm-elf/lib/thumb/soft/interwork/libc.a(lib_a-impure.o)
 .bss           0x00200780        0x0 C:/Users/User/Documents/IngeDev_8.18.0.5/toolchains/gnuArm4/arm-elf/lib/thumb/soft/interwork/libc.a(lib_a-iswspace.o)
 .bss           0x00200780        0xc C:/Users/User/Documents/IngeDev_8.18.0.5/toolchains/gnuArm4/arm-elf/lib/thumb/soft/interwork/libc.a(lib_a-locale.o)
                0x00200780                __nlocale_changed
                0x00200784                __mlocale_changed
                0x00200788                _PathLocale
 .bss           0x0020078c        0x0 C:/Users/User/Documents/IngeDev_8.18.0.5/toolchains/gnuArm4/arm-elf/lib/thumb/soft/interwork/libc.a(lib_a-lseekr.o)
 .bss           0x0020078c        0x0 C:/Users/User/Documents/IngeDev_8.18.0.5/toolchains/gnuArm4/arm-elf/lib/thumb/soft/interwork/libc.a(lib_a-mbrtowc.o)
 .bss           0x0020078c        0x0 C:/Users/User/Documents/IngeDev_8.18.0.5/toolchains/gnuArm4/arm-elf/lib/thumb/soft/interwork/libc.a(lib_a-mbtowc_r.o)
 .bss           0x0020078c        0x0 C:/Users/User/Documents/IngeDev_8.18.0.5/toolchains/gnuArm4/arm-elf/lib/thumb/soft/interwork/libc.a(lib_a-readr.o)
 .bss           0x0020078c        0x0 C:/Users/User/Documents/IngeDev_8.18.0.5/toolchains/gnuArm4/arm-elf/lib/thumb/soft/interwork/libc.a(lib_a-reent.o)
 .bss           0x0020078c        0x0 C:/Users/User/Documents/IngeDev_8.18.0.5/toolchains/gnuArm4/arm-elf/lib/thumb/soft/interwork/libc.a(lib_a-s_fpclassify.o)
 .bss           0x0020078c        0x0 C:/Users/User/Documents/IngeDev_8.18.0.5/toolchains/gnuArm4/arm-elf/lib/thumb/soft/interwork/libc.a(lib_a-sccl.o)
 .bss           0x0020078c        0x0 C:/Users/User/Documents/IngeDev_8.18.0.5/toolchains/gnuArm4/arm-elf/lib/thumb/soft/interwork/libc.a(lib_a-sf_nan.o)
 .bss           0x0020078c        0x0 C:/Users/User/Documents/IngeDev_8.18.0.5/toolchains/gnuArm4/arm-elf/lib/thumb/soft/interwork/libc.a(lib_a-strcmp.o)
 .bss           0x0020078c        0x0 C:/Users/User/Documents/IngeDev_8.18.0.5/toolchains/gnuArm4/arm-elf/lib/thumb/soft/interwork/libc.a(lib_a-strtod.o)
 .bss           0x0020078c        0x0 C:/Users/User/Documents/IngeDev_8.18.0.5/toolchains/gnuArm4/arm-elf/lib/thumb/soft/interwork/libc.a(lib_a-strtol.o)
 .bss           0x0020078c        0x0 C:/Users/User/Documents/IngeDev_8.18.0.5/toolchains/gnuArm4/arm-elf/lib/thumb/soft/interwork/libc.a(lib_a-strtoul.o)
 .bss           0x0020078c        0x0 C:/Users/User/Documents/IngeDev_8.18.0.5/toolchains/gnuArm4/arm-elf/lib/thumb/soft/interwork/libc.a(lib_a-svfiscanf.o)
 .bss           0x0020078c       0xb0 C:/Users/User/Documents/IngeDev_8.18.0.5/toolchains/gnuArm4/arm-elf/lib/thumb/soft/interwork/libc.a(lib_a-syscalls.o)
 .bss           0x0020083c        0x0 C:/Users/User/Documents/IngeDev_8.18.0.5/toolchains/gnuArm4/arm-elf/lib/thumb/soft/interwork/libc.a(lib_a-ungetc.o)
 .bss           0x0020083c        0x0 C:/Users/User/Documents/IngeDev_8.18.0.5/toolchains/gnuArm4/arm-elf/lib/thumb/soft/interwork/libc.a(lib_a-errno.o)
 .bss           0x0020083c        0x0 C:/Users/User/Documents/IngeDev_8.18.0.5/toolchains/gnuArm4/arm-elf/lib/thumb/soft/interwork/libc.a(lib_a-fclose.o)
 .bss           0x0020083c        0x0 C:/Users/User/Documents/IngeDev_8.18.0.5/toolchains/gnuArm4/arm-elf/lib/thumb/soft/interwork/libc.a(lib_a-fflush.o)
 .bss           0x0020083c        0x0 C:/Users/User/Documents/IngeDev_8.18.0.5/toolchains/gnuArm4/arm-elf/lib/thumb/soft/interwork/libc.a(lib_a-gdtoa-gethex.o)
 .bss           0x0020083c        0x0 C:/Users/User/Documents/IngeDev_8.18.0.5/toolchains/gnuArm4/arm-elf/lib/thumb/soft/interwork/libc.a(lib_a-gdtoa-hexnan.o)
 .bss           0x0020083c        0x0 C:/Users/User/Documents/IngeDev_8.18.0.5/toolchains/gnuArm4/arm-elf/lib/thumb/soft/interwork/libc.a(lib_a-mprec.o)
 .bss           0x0020083c        0x0 C:/Users/User/Documents/IngeDev_8.18.0.5/toolchains/gnuArm4/arm-elf/lib/thumb/soft/interwork/libc.a(lib_a-strncmp.o)
 .bss           0x0020083c        0x0 C:/Users/User/Documents/IngeDev_8.18.0.5/toolchains/gnuArm4/lib/gcc/arm-elf/4.3.4/thumb/soft/interwork/libgcc.a(_udivsi3.o)
 .bss           0x0020083c        0x0 C:/Users/User/Documents/IngeDev_8.18.0.5/toolchains/gnuArm4/lib/gcc/arm-elf/4.3.4/thumb/soft/interwork/libgcc.a(_divsi3.o)
 .bss           0x0020083c        0x0 C:/Users/User/Documents/IngeDev_8.18.0.5/toolchains/gnuArm4/lib/gcc/arm-elf/4.3.4/thumb/soft/interwork/libgcc.a(_umodsi3.o)
 .bss           0x0020083c        0x0 C:/Users/User/Documents/IngeDev_8.18.0.5/toolchains/gnuArm4/lib/gcc/arm-elf/4.3.4/thumb/soft/interwork/libgcc.a(_dvmd_tls.o)
 .bss           0x0020083c        0x0 C:/Users/User/Documents/IngeDev_8.18.0.5/toolchains/gnuArm4/lib/gcc/arm-elf/4.3.4/thumb/soft/interwork/libgcc.a(_addsubdf3.o)
 .bss           0x0020083c        0x0 C:/Users/User/Documents/IngeDev_8.18.0.5/toolchains/gnuArm4/lib/gcc/arm-elf/4.3.4/thumb/soft/interwork/libgcc.a(_muldivdf3.o)
 .bss           0x0020083c        0x0 C:/Users/User/Documents/IngeDev_8.18.0.5/toolchains/gnuArm4/lib/gcc/arm-elf/4.3.4/thumb/soft/interwork/libgcc.a(_cmpdf2.o)
 .bss           0x0020083c        0x0 C:/Users/User/Documents/IngeDev_8.18.0.5/toolchains/gnuArm4/lib/gcc/arm-elf/4.3.4/thumb/soft/interwork/libgcc.a(_fixdfsi.o)
 .bss           0x0020083c        0x0 C:/Users/User/Documents/IngeDev_8.18.0.5/toolchains/gnuArm4/lib/gcc/arm-elf/4.3.4/thumb/soft/interwork/libgcc.a(_fixunsdfsi.o)
 .bss           0x0020083c        0x0 C:/Users/User/Documents/IngeDev_8.18.0.5/toolchains/gnuArm4/lib/gcc/arm-elf/4.3.4/thumb/soft/interwork/libgcc.a(_truncdfsf2.o)
 .bss           0x0020083c        0x0 C:/Users/User/Documents/IngeDev_8.18.0.5/toolchains/gnuArm4/lib/gcc/arm-elf/4.3.4/thumb/soft/interwork/libgcc.a(_muldivsf3.o)
 .bss           0x0020083c        0x0 C:/Users/User/Documents/IngeDev_8.18.0.5/toolchains/gnuArm4/lib/gcc/arm-elf/4.3.4/thumb/soft/interwork/libgcc.a(_cmpsf2.o)
 .bss           0x0020083c        0x0 C:/Users/User/Documents/SDK11.16.8.PatchC/SDKTPLUS/HW_T2/gnu_434/lib/TRAP_TELIUM_PLUS.LIB(upload_diagnostic_txt.o)
 *(.gnu.linkonce.b.*)
 *(COMMON)
 COMMON         0x0020083c        0xc Obj/GNU_ARM_DEBUG_T2/MenuInterface.o
                0x0020083c                sSavedStatusLeds
                0x00200840                sSavedStatusFooter
                0x00200844                sSavedStatusHeader
 COMMON         0x00200848        0x4 C:/Users/User/Documents/IngeDev_8.18.0.5/toolchains/gnuArm4/arm-elf/lib/thumb/soft/interwork/libc.a(lib_a-reent.o)
                0x00200848                errno
 COMMON         0x0020084c      0x100 C:/Users/User/Documents/IngeDev_8.18.0.5/toolchains/gnuArm4/arm-elf/lib/thumb/soft/interwork/libc.a(lib_a-gdtoa-gethex.o)
                0x0020084c                __hexdig
                0x0020094c                __bss_end = .
                0x0020094c                PROVIDE (end, .)
LOAD C:/Users/User/Documents/SDK11.16.8.PatchC/SDKTPLUS/HW_T2/gnu_434/startfiles/cstartupTplus.o
LOAD C:/Users/User/Documents/SDK11.16.8.PatchC/SDKTPLUS/HW_T2/gnu_434/startfiles/libcpatch.o
LOAD Obj/GNU_ARM_DEBUG_T2/Main.o
LOAD Obj/GNU_ARM_DEBUG_T2/Entry.o
LOAD Obj/GNU_ARM_DEBUG_T2/Menu.o
LOAD Obj/GNU_ARM_DEBUG_T2/DateScreen.o
LOAD Obj/GNU_ARM_DEBUG_T2/Utils.o
LOAD Obj/GNU_ARM_DEBUG_T2/MenuInterface.o
LOAD Obj/GNU_ARM_DEBUG_T2/Sale.o
LOAD Obj/GNU_ARM_DEBUG_T2/BillManagement.o
LOAD Obj/GNU_ARM_DEBUG_T2/CashBack.o
LOAD Obj/GNU_ARM_DEBUG_T2/CardStripe.o
LOAD Obj/GNU_ARM_DEBUG_T2/PrinterFormat.o
START GROUP
LOAD C:/Users/User/Documents/SDK11.16.8.PatchC/SDKTPLUS/HW_T2/gnu_434/lib/BarCode_TPlus.lib
LOAD C:/Users/User/Documents/SDK11.16.8.PatchC/SDKTPLUS/HW_T2/gnu_434/lib/eft30tplus.lib
LOAD C:/Users/User/Documents/SDK11.16.8.PatchC/SDKTPLUS/HW_T2/gnu_434/lib/TRAP_TELIUM_PLUS.LIB
LOAD C:/Users/User/Documents/SDK11.16.8.PatchC/SDKTPLUS/HW_T2/gnu_434/lib/BCR_TPlus.lib
LOAD C:/Users/User/Documents/SDK11.16.8.PatchC/SDKTPLUS/HW_T2/gnu_434/lib/SECTPLUS.lib
LOAD C:/Users/User/Documents/SDK11.16.8.PatchC/SDKTPLUS/HW_T2/gnu_434/lib/SEC_extend.lib
LOAD C:/Users/User/Documents/SDK11.16.8.PatchC/SDKTPLUS/HW_T2/gnu_434/lib/Digest_TPlus.lib
LOAD C:/Users/User/Documents/SDK11.16.8.PatchC/SDKTPLUS/HW_T2/gnu_434/lib/dll_wifi_TPlus.lib
LOAD C:/Users/User/Documents/SDK11.16.8.PatchC/SDKTPLUS/HW_T2/gnu_434/lib/IP_TPlus.lib
LOAD C:/Users/User/Documents/SDK11.16.8.PatchC/SDKTPLUS/HW_T2/gnu_434/lib/LinkLayerExeInterface_TPlus.lib
LOAD C:/Users/User/Documents/SDK11.16.8.PatchC/SDKTPLUS/HW_T2/gnu_434/lib/SNMP_Tplus.lib
LOAD C:/Users/User/Documents/SDK11.16.8.PatchC/SDKTPLUS/HW_T2/gnu_434/lib/SSL_TPlus.lib
LOAD C:/Users/User/Documents/SDK11.16.8.PatchC/SDKTPLUS/HW_T2/gnu_434/lib/gps_dll.lib
LOAD C:/Users/User/Documents/SDK11.16.8.PatchC/SDKTPLUS/HW_T2/gnu_434/lib/IPA280_TPlus.lib
LOAD C:/Users/User/Documents/SDK11.16.8.PatchC/SDKTPLUS/HW_T2/gnu_434/lib/ExtraGPRS.lib
LOAD C:/Users/User/Documents/SDK11.16.8.PatchC/SDKTPLUS/HW_T2/gnu_434/lib/Mifare_TPlus.lib
LOAD C:/Users/User/Documents/SDK11.16.8.PatchC/SDKTPLUS/HW_T2/gnu_434/lib/TPass_TPlus.lib
LOAD C:/Users/User/Documents/SDK11.16.8.PatchC/SDKTPLUS/HW_T2/gnu_434/lib/GTL_TPlus.lib
LOAD C:/Users/User/Documents/SDK11.16.8.PatchC/SDKTPLUS/HW_T2/gnu_434/lib/NDEF_TPlus.LIB
LOAD C:/Users/User/Documents/SDK11.16.8.PatchC/SDKTPLUS/HW_T2/gnu_434/lib/SNTP.lib
LOAD C:/Users/User/Documents/SDK11.16.8.PatchC/SDKTPLUS/HW_T2/gnu_434/lib/XMLs_TPlus.lib
LOAD C:/Users/User/Documents/SDK11.16.8.PatchC/SDKTPLUS/HW_T2/gnu_434/lib/FMG_TPlus.lib
LOAD C:/Users/User/Documents/SDK11.16.8.PatchC/SDKTPLUS/HW_T2/gnu_434/lib/TlvTree_TPlus.lib
LOAD C:/Users/User/Documents/SDK11.16.8.PatchC/SDKTPLUS/HW_T2/gnu_434/lib/FTP_TPlus.lib
LOAD C:/Users/User/Documents/SDK11.16.8.PatchC/SDKTPLUS/HW_T2/gnu_434/lib/OSLAYER.LIB
LOAD C:/Users/User/Documents/SDK11.16.8.PatchC/SDKTPLUS/HW_T2/gnu_434/lib/LIBOS.LIB
LOAD C:/Users/User/Documents/SDK11.16.8.PatchC/SDKTPLUS/HW_T2/gnu_434/lib/libTmsCall_TPlus.lib
LOAD C:/Users/User/Documents/SDK11.16.8.PatchC/SDKTPLUS/HW_T2/gnu_434/lib/LIBGRAPHICS.LIB
LOAD C:/Users/User/Documents/SDK11.16.8.PatchC/SDKTPLUS/HW_T2/gnu_434/lib/GRAPHICLIB.LIB
LOAD C:/Users/User/Documents/Telium SDK/Easy Path to EMV 30.12.3.01/Easy Path to EMV 30.12.3.01/SDKTPLUS_EmvApi/HW_T2/gnu_434/lib/DEL_TPlus.lib
LOAD C:/Users/User/Documents/Telium SDK/Easy Path to EMV 30.12.3.01/Easy Path to EMV 30.12.3.01/SDKTPLUS_EmvApi/HW_T2/gnu_434/lib/EmvApi_TPlus.lib
LOAD C:/Users/User/Documents/Telium SDK/Easy Path to EMV 30.12.3.01/Easy Path to EMV 30.12.3.01/SDKTPLUS_EmvApi/HW_T2/gnu_434/lib/EmvCoChecksum_TPlus.lib
LOAD C:/Users/User/Documents/Telium SDK/Easy Path to EMV 30.12.3.01/Easy Path to EMV 30.12.3.01/SDKTPLUS_Engine/HW_T2/gnu_434/lib/DEL_TPlus.lib
LOAD C:/Users/User/Documents/Telium SDK/Easy Path to EMV 30.12.3.01/Easy Path to EMV 30.12.3.01/SDKTPLUS_Engine/HW_T2/gnu_434/lib/EmvDcInterface_TPlus.lib
LOAD C:/Users/User/Documents/Telium SDK/Easy Path to EMV 30.12.3.01/Easy Path to EMV 30.12.3.01/SDKTPLUS_Engine/HW_T2/gnu_434/lib/EngineInterface_TPlus.lib
LOAD C:/Users/User/Documents/Telium SDK/Easy Path to EMV 30.12.3.01/Easy Path to EMV 30.12.3.01/SDKTPLUS_Engine/HW_T2/gnu_434/lib/EmvCoChecksum_TPlus.lib
LOAD C:/Users/User/Documents/add-on SQLite 1.12.0.00/SDKTPLUS/HW_T2/gnu_434/lib/SQLITELIB.lib
LOAD C:/Users/User/Documents/Easy Path to CLess 7.6.7.00/Easy Path to CLess 7.6.7.00/SDKTPLUS/HW_T2/gnu_434/lib/DEL_TPlus.lib
LOAD C:/Users/User/Documents/Easy Path to CLess 7.6.7.00/Easy Path to CLess 7.6.7.00/SDKTPLUS/HW_T2/gnu_434/lib/DiscoverDPASInterface_TPlus.lib
LOAD C:/Users/User/Documents/Easy Path to CLess 7.6.7.00/Easy Path to CLess 7.6.7.00/SDKTPLUS/HW_T2/gnu_434/lib/DiscoverInterface_TPlus.lib
LOAD C:/Users/User/Documents/Easy Path to CLess 7.6.7.00/Easy Path to CLess 7.6.7.00/SDKTPLUS/HW_T2/gnu_434/lib/eftposInterface_TPlus.lib
LOAD C:/Users/User/Documents/Easy Path to CLess 7.6.7.00/Easy Path to CLess 7.6.7.00/SDKTPLUS/HW_T2/gnu_434/lib/ExpressPayInterface_TPlus.lib
LOAD C:/Users/User/Documents/Easy Path to CLess 7.6.7.00/Easy Path to CLess 7.6.7.00/SDKTPLUS/HW_T2/gnu_434/lib/InteracInterface_TPlus.lib
LOAD C:/Users/User/Documents/Easy Path to CLess 7.6.7.00/Easy Path to CLess 7.6.7.00/SDKTPLUS/HW_T2/gnu_434/lib/JCBInterface_TPlus.lib
LOAD C:/Users/User/Documents/Easy Path to CLess 7.6.7.00/Easy Path to CLess 7.6.7.00/SDKTPLUS/HW_T2/gnu_434/lib/PayPassInterface_TPlus.lib
LOAD C:/Users/User/Documents/Easy Path to CLess 7.6.7.00/Easy Path to CLess 7.6.7.00/SDKTPLUS/HW_T2/gnu_434/lib/payWaveInterface_TPlus.lib
LOAD C:/Users/User/Documents/Easy Path to CLess 7.6.7.00/Easy Path to CLess 7.6.7.00/SDKTPLUS/HW_T2/gnu_434/lib/qPBOCInterface_TPlus.lib
LOAD C:/Users/User/Documents/Easy Path to CLess 7.6.7.00/Easy Path to CLess 7.6.7.00/SDKTPLUS/HW_T2/gnu_434/lib/QuickPassInterface_TPlus.lib
LOAD C:/Users/User/Documents/Easy Path to CLess 7.6.7.00/Easy Path to CLess 7.6.7.00/SDKTPLUS/HW_T2/gnu_434/lib/VisaWaveInterface_TPlus.lib
LOAD C:/Users/User/Documents/Easy Path to CLess 7.6.7.00/Easy Path to CLess 7.6.7.00/SDKTPLUS/HW_T2/gnu_434/lib/SDI_TPlus.lib
LOAD C:/Users/User/Documents/IngeDev_8.18.0.5/toolchains/gnuArm4/arm-elf/lib/thumb/soft/interwork/libsupc++.a
LOAD C:/Users/User/Documents/IngeDev_8.18.0.5/toolchains/gnuArm4/arm-elf/lib/thumb/soft/interwork/libc.a
LOAD C:/Users/User/Documents/IngeDev_8.18.0.5/toolchains/gnuArm4/lib/gcc/arm-elf/4.3.4/thumb/soft/interwork/libgcc.a
END GROUP
OUTPUT(Obj/GNU_ARM_DEBUG_T2/MOON.axf elf32-littlearm)

.ARM.attributes
                0x00000000       0x10
 .ARM.attributes
                0x00000000       0x10 C:/Users/User/Documents/SDK11.16.8.PatchC/SDKTPLUS/HW_T2/gnu_434/startfiles/cstartupTplus.o
 .ARM.attributes
                0x00000010       0x10 Obj/GNU_ARM_DEBUG_T2/Main.o
 .ARM.attributes
                0x00000020       0x10 Obj/GNU_ARM_DEBUG_T2/Entry.o
 .ARM.attributes
                0x00000030       0x10 Obj/GNU_ARM_DEBUG_T2/Menu.o
 .ARM.attributes
                0x00000040       0x10 Obj/GNU_ARM_DEBUG_T2/DateScreen.o
 .ARM.attributes
                0x00000050       0x10 Obj/GNU_ARM_DEBUG_T2/Utils.o
 .ARM.attributes
                0x00000060       0x10 Obj/GNU_ARM_DEBUG_T2/MenuInterface.o
 .ARM.attributes
                0x00000070       0x10 Obj/GNU_ARM_DEBUG_T2/Sale.o
 .ARM.attributes
                0x00000080       0x10 Obj/GNU_ARM_DEBUG_T2/BillManagement.o
 .ARM.attributes
                0x00000090       0x10 Obj/GNU_ARM_DEBUG_T2/CashBack.o
 .ARM.attributes
                0x000000a0       0x10 Obj/GNU_ARM_DEBUG_T2/CardStripe.o
 .ARM.attributes
                0x000000b0       0x10 Obj/GNU_ARM_DEBUG_T2/PrinterFormat.o
 .ARM.attributes
                0x000000c0       0x10 C:/Users/User/Documents/SDK11.16.8.PatchC/SDKTPLUS/HW_T2/gnu_434/lib/eft30tplus.lib(Beep.o)
 .ARM.attributes
                0x000000d0       0x10 C:/Users/User/Documents/SDK11.16.8.PatchC/SDKTPLUS/HW_T2/gnu_434/lib/eft30tplus.lib(extenstp1.o)
 .ARM.attributes
                0x000000e0       0x10 C:/Users/User/Documents/SDK11.16.8.PatchC/SDKTPLUS/HW_T2/gnu_434/lib/eft30tplus.lib(DisplayFooter.o)
 .ARM.attributes
                0x000000f0       0x10 C:/Users/User/Documents/SDK11.16.8.PatchC/SDKTPLUS/HW_T2/gnu_434/lib/eft30tplus.lib(DisplayHeader.o)
 .ARM.attributes
                0x00000100       0x10 C:/Users/User/Documents/SDK11.16.8.PatchC/SDKTPLUS/HW_T2/gnu_434/lib/eft30tplus.lib(DisplayLeds.o)
 .ARM.attributes
                0x00000110       0x10 C:/Users/User/Documents/SDK11.16.8.PatchC/SDKTPLUS/HW_T2/gnu_434/lib/eft30tplus.lib(Telium_Read_date.o)
 .ARM.attributes
                0x00000120       0x10 C:/Users/User/Documents/SDK11.16.8.PatchC/SDKTPLUS/HW_T2/gnu_434/lib/eft30tplus.lib(Telium_ServiceRegister.o)
 .ARM.attributes
                0x00000130       0x10 C:/Users/User/Documents/SDK11.16.8.PatchC/SDKTPLUS/HW_T2/gnu_434/lib/eft30tplus.lib(Telium_Atoi.o)
 .ARM.attributes
                0x00000140       0x10 C:/Users/User/Documents/SDK11.16.8.PatchC/SDKTPLUS/HW_T2/gnu_434/lib/eft30tplus.lib(Telium_Pprintf.o)
 .ARM.attributes
                0x00000150       0x10 C:/Users/User/Documents/SDK11.16.8.PatchC/SDKTPLUS/HW_T2/gnu_434/lib/eft30tplus.lib(Telium_Stdprt.o)
 .ARM.attributes
                0x00000160       0x10 C:/Users/User/Documents/SDK11.16.8.PatchC/SDKTPLUS/HW_T2/gnu_434/lib/eft30tplus.lib(sprintf.o)
 .ARM.attributes
                0x00000170       0x10 C:/Users/User/Documents/SDK11.16.8.PatchC/SDKTPLUS/HW_T2/gnu_434/lib/eft30tplus.lib(toolstp1.o)
 .ARM.attributes
                0x00000180       0x10 C:/Users/User/Documents/SDK11.16.8.PatchC/SDKTPLUS/HW_T2/gnu_434/lib/TRAP_TELIUM_PLUS.LIB(ApplicationGetCurrent.o)
 .ARM.attributes
                0x00000190       0x10 C:/Users/User/Documents/SDK11.16.8.PatchC/SDKTPLUS/HW_T2/gnu_434/lib/TRAP_TELIUM_PLUS.LIB(FS_close.o)
 .ARM.attributes
                0x000001a0       0x10 C:/Users/User/Documents/SDK11.16.8.PatchC/SDKTPLUS/HW_T2/gnu_434/lib/TRAP_TELIUM_PLUS.LIB(FS_length.o)
 .ARM.attributes
                0x000001b0       0x10 C:/Users/User/Documents/SDK11.16.8.PatchC/SDKTPLUS/HW_T2/gnu_434/lib/TRAP_TELIUM_PLUS.LIB(FS_mount.o)
 .ARM.attributes
                0x000001c0       0x10 C:/Users/User/Documents/SDK11.16.8.PatchC/SDKTPLUS/HW_T2/gnu_434/lib/TRAP_TELIUM_PLUS.LIB(FS_open.o)
 .ARM.attributes
                0x000001d0       0x10 C:/Users/User/Documents/SDK11.16.8.PatchC/SDKTPLUS/HW_T2/gnu_434/lib/TRAP_TELIUM_PLUS.LIB(FS_read.o)
 .ARM.attributes
                0x000001e0       0x10 C:/Users/User/Documents/SDK11.16.8.PatchC/SDKTPLUS/HW_T2/gnu_434/lib/TRAP_TELIUM_PLUS.LIB(FS_unmount.o)
 .ARM.attributes
                0x000001f0       0x10 C:/Users/User/Documents/SDK11.16.8.PatchC/SDKTPLUS/HW_T2/gnu_434/lib/TRAP_TELIUM_PLUS.LIB(ObjectGetInfo.o)
 .ARM.attributes
                0x00000200       0x10 C:/Users/User/Documents/SDK11.16.8.PatchC/SDKTPLUS/HW_T2/gnu_434/lib/TRAP_TELIUM_PLUS.LIB(Telium_Fclose.o)
 .ARM.attributes
                0x00000210       0x10 C:/Users/User/Documents/SDK11.16.8.PatchC/SDKTPLUS/HW_T2/gnu_434/lib/TRAP_TELIUM_PLUS.LIB(Telium_Fopen.o)
 .ARM.attributes
                0x00000220       0x10 C:/Users/User/Documents/SDK11.16.8.PatchC/SDKTPLUS/HW_T2/gnu_434/lib/TRAP_TELIUM_PLUS.LIB(Telium_Stdperif.o)
 .ARM.attributes
                0x00000230       0x10 C:/Users/User/Documents/SDK11.16.8.PatchC/SDKTPLUS/HW_T2/gnu_434/lib/TRAP_TELIUM_PLUS.LIB(Telium_Ttestall.o)
 .ARM.attributes
                0x00000240       0x10 C:/Users/User/Documents/SDK11.16.8.PatchC/SDKTPLUS/HW_T2/gnu_434/lib/TRAP_TELIUM_PLUS.LIB(Telium_Vfprintf.o)
 .ARM.attributes
                0x00000250       0x10 C:/Users/User/Documents/SDK11.16.8.PatchC/SDKTPLUS/HW_T2/gnu_434/lib/TRAP_TELIUM_PLUS.LIB(Telium_Vsprintf.o)
 .ARM.attributes
                0x00000260       0x10 C:/Users/User/Documents/SDK11.16.8.PatchC/SDKTPLUS/HW_T2/gnu_434/lib/TRAP_TELIUM_PLUS.LIB(first_init.o)
 .ARM.attributes
                0x00000270       0x10 C:/Users/User/Documents/SDK11.16.8.PatchC/SDKTPLUS/HW_T2/gnu_434/lib/TRAP_TELIUM_PLUS.LIB(raz_init.o)
 .ARM.attributes
                0x00000280       0x10 C:/Users/User/Documents/SDK11.16.8.PatchC/SDKTPLUS/HW_T2/gnu_434/lib/TRAP_TELIUM_PLUS.LIB(ufree.o)
 .ARM.attributes
                0x00000290       0x10 C:/Users/User/Documents/SDK11.16.8.PatchC/SDKTPLUS/HW_T2/gnu_434/lib/TRAP_TELIUM_PLUS.LIB(umalloc.o)
 .ARM.attributes
                0x000002a0       0x10 C:/Users/User/Documents/SDK11.16.8.PatchC/SDKTPLUS/HW_T2/gnu_434/lib/TRAP_TELIUM_PLUS.LIB(urealloc.o)
 .ARM.attributes
                0x000002b0       0x10 C:/Users/User/Documents/SDK11.16.8.PatchC/SDKTPLUS/HW_T2/gnu_434/lib/OSLAYER.LIB(OSL_Dll_Close.o)
 .ARM.attributes
                0x000002c0       0x10 C:/Users/User/Documents/SDK11.16.8.PatchC/SDKTPLUS/HW_T2/gnu_434/lib/OSLAYER.LIB(OSL_Dll_GetSymbolByName.o)
 .ARM.attributes
                0x000002d0       0x10 C:/Users/User/Documents/SDK11.16.8.PatchC/SDKTPLUS/HW_T2/gnu_434/lib/OSLAYER.LIB(OSL_Dll_OpenByAppliType.o)
 .ARM.attributes
                0x000002e0       0x10 C:/Users/User/Documents/SDK11.16.8.PatchC/SDKTPLUS/HW_T2/gnu_434/lib/GRAPHICLIB.LIB(GL_Dialog_Amount.o)
 .ARM.attributes
                0x000002f0       0x10 C:/Users/User/Documents/SDK11.16.8.PatchC/SDKTPLUS/HW_T2/gnu_434/lib/GRAPHICLIB.LIB(GL_Dialog_Menu.o)
 .ARM.attributes
                0x00000300       0x10 C:/Users/User/Documents/SDK11.16.8.PatchC/SDKTPLUS/HW_T2/gnu_434/lib/GRAPHICLIB.LIB(GL_Dialog_Message.o)
 .ARM.attributes
                0x00000310       0x10 C:/Users/User/Documents/SDK11.16.8.PatchC/SDKTPLUS/HW_T2/gnu_434/lib/GRAPHICLIB.LIB(GL_Dialog_Password.o)
 .ARM.attributes
                0x00000320       0x10 C:/Users/User/Documents/SDK11.16.8.PatchC/SDKTPLUS/HW_T2/gnu_434/lib/GRAPHICLIB.LIB(GL_Dialog_Text.o)
 .ARM.attributes
                0x00000330       0x10 C:/Users/User/Documents/SDK11.16.8.PatchC/SDKTPLUS/HW_T2/gnu_434/lib/GRAPHICLIB.LIB(GL_GraphicLib_Create.o)
 .ARM.attributes
                0x00000340       0x10 C:/Users/User/Documents/SDK11.16.8.PatchC/SDKTPLUS/HW_T2/gnu_434/lib/GRAPHICLIB.LIB(GL_GraphicLib_ReadResource.o)
 .ARM.attributes
                0x00000350       0x10 C:/Users/User/Documents/SDK11.16.8.PatchC/SDKTPLUS/HW_T2/gnu_434/lib/GRAPHICLIB.LIB(GL_Label_Create.o)
 .ARM.attributes
                0x00000360       0x10 C:/Users/User/Documents/SDK11.16.8.PatchC/SDKTPLUS/HW_T2/gnu_434/lib/GRAPHICLIB.LIB(GL_Message_GetWindow.o)
 .ARM.attributes
                0x00000370       0x10 C:/Users/User/Documents/SDK11.16.8.PatchC/SDKTPLUS/HW_T2/gnu_434/lib/GRAPHICLIB.LIB(GL_Message_SetResult.o)
 .ARM.attributes
                0x00000380       0x10 C:/Users/User/Documents/SDK11.16.8.PatchC/SDKTPLUS/HW_T2/gnu_434/lib/GRAPHICLIB.LIB(GL_Widget_Destroy.o)
 .ARM.attributes
                0x00000390       0x10 C:/Users/User/Documents/SDK11.16.8.PatchC/SDKTPLUS/HW_T2/gnu_434/lib/GRAPHICLIB.LIB(GL_Widget_GetText.o)
 .ARM.attributes
                0x000003a0       0x10 C:/Users/User/Documents/SDK11.16.8.PatchC/SDKTPLUS/HW_T2/gnu_434/lib/GRAPHICLIB.LIB(GL_Widget_RegisterCallback.o)
 .ARM.attributes
                0x000003b0       0x10 C:/Users/User/Documents/SDK11.16.8.PatchC/SDKTPLUS/HW_T2/gnu_434/lib/GRAPHICLIB.LIB(GL_Widget_SearchId.o)
 .ARM.attributes
                0x000003c0       0x10 C:/Users/User/Documents/SDK11.16.8.PatchC/SDKTPLUS/HW_T2/gnu_434/lib/GRAPHICLIB.LIB(GL_Widget_SetBackAlign.o)
 .ARM.attributes
                0x000003d0       0x10 C:/Users/User/Documents/SDK11.16.8.PatchC/SDKTPLUS/HW_T2/gnu_434/lib/GRAPHICLIB.LIB(GL_Widget_SetFontScale.o)
 .ARM.attributes
                0x000003e0       0x10 C:/Users/User/Documents/SDK11.16.8.PatchC/SDKTPLUS/HW_T2/gnu_434/lib/GRAPHICLIB.LIB(GL_Widget_SetText.o)
 .ARM.attributes
                0x000003f0       0x10 C:/Users/User/Documents/SDK11.16.8.PatchC/SDKTPLUS/HW_T2/gnu_434/lib/GRAPHICLIB.LIB(GL_Window_Create.o)
 .ARM.attributes
                0x00000400       0x10 C:/Users/User/Documents/SDK11.16.8.PatchC/SDKTPLUS/HW_T2/gnu_434/lib/GRAPHICLIB.LIB(GL_Window_Dispatch.o)
 .ARM.attributes
                0x00000410       0x10 C:/Users/User/Documents/SDK11.16.8.PatchC/SDKTPLUS/HW_T2/gnu_434/lib/GRAPHICLIB.LIB(GL_Window_GetResult.o)
 .ARM.attributes
                0x00000420       0x10 C:/Users/User/Documents/SDK11.16.8.PatchC/SDKTPLUS/HW_T2/gnu_434/lib/GRAPHICLIB.LIB(GL_Window_MainLoop.o)
 .ARM.attributes
                0x00000430       0x10 C:/Users/User/Documents/SDK11.16.8.PatchC/SDKTPLUS/HW_T2/gnu_434/lib/GRAPHICLIB.LIB(GL_Window_PreviousFocus.o)
 .ARM.attributes
                0x00000440       0x10 C:/Users/User/Documents/SDK11.16.8.PatchC/SDKTPLUS/HW_T2/gnu_434/lib/GRAPHICLIB.LIB(GL_link.o)
 .ARM.attributes
                0x00000450       0x10 C:/Users/User/Documents/SDK11.16.8.PatchC/SDKTPLUS/HW_T2/gnu_434/lib/GRAPHICLIB.LIB(gl_asm_link.o)
 .ARM.attributes
                0x00000460       0x10 C:/Users/User/Documents/IngeDev_8.18.0.5/toolchains/gnuArm4/arm-elf/lib/thumb/soft/interwork/libc.a(lib_a-memcpy.o)
 .ARM.attributes
                0x00000470       0x10 C:/Users/User/Documents/IngeDev_8.18.0.5/toolchains/gnuArm4/arm-elf/lib/thumb/soft/interwork/libc.a(lib_a-memset.o)
 .ARM.attributes
                0x00000480       0x10 C:/Users/User/Documents/IngeDev_8.18.0.5/toolchains/gnuArm4/arm-elf/lib/thumb/soft/interwork/libc.a(lib_a-sscanf.o)
 .ARM.attributes
                0x00000490       0x10 C:/Users/User/Documents/IngeDev_8.18.0.5/toolchains/gnuArm4/arm-elf/lib/thumb/soft/interwork/libc.a(lib_a-stdio.o)
 .ARM.attributes
                0x000004a0       0x10 C:/Users/User/Documents/IngeDev_8.18.0.5/toolchains/gnuArm4/arm-elf/lib/thumb/soft/interwork/libc.a(lib_a-strchr.o)
 .ARM.attributes
                0x000004b0       0x10 C:/Users/User/Documents/IngeDev_8.18.0.5/toolchains/gnuArm4/arm-elf/lib/thumb/soft/interwork/libc.a(lib_a-strcpy.o)
 .ARM.attributes
                0x000004c0       0x10 C:/Users/User/Documents/IngeDev_8.18.0.5/toolchains/gnuArm4/arm-elf/lib/thumb/soft/interwork/libc.a(lib_a-strlen.o)
 .ARM.attributes
                0x000004d0       0x10 C:/Users/User/Documents/IngeDev_8.18.0.5/toolchains/gnuArm4/arm-elf/lib/thumb/soft/interwork/libc.a(lib_a-strncpy.o)
 .ARM.attributes
                0x000004e0       0x10 C:/Users/User/Documents/IngeDev_8.18.0.5/toolchains/gnuArm4/arm-elf/lib/thumb/soft/interwork/libc.a(lib_a-svfscanf.o)
 .ARM.attributes
                0x000004f0       0x10 C:/Users/User/Documents/IngeDev_8.18.0.5/toolchains/gnuArm4/arm-elf/lib/thumb/soft/interwork/libc.a(lib_a-writer.o)
 .ARM.attributes
                0x00000500       0x10 C:/Users/User/Documents/IngeDev_8.18.0.5/toolchains/gnuArm4/arm-elf/lib/thumb/soft/interwork/libc.a(lib_a-closer.o)
 .ARM.attributes